Link map of __startup
  1] __startup (func,global) found in MPC5606B_Startup_c.obj 
   2] __start (func,global) found in librt_E200z0_VLE_Soft.a D:\w\EPPC\workspace_codegen\ewl\EWL_Runtime\Runtime_PA_CmdLineData\librt_E200z0_VLE_Soft\obj\__start.o
    3] __init_registers (func,weak) found in librt_E200z0_VLE_Soft.a D:\w\EPPC\workspace_codegen\ewl\EWL_Runtime\Runtime_PA_CmdLineData\librt_E200z0_VLE_Soft\obj\__start.o
     4] _stack_addr found as linker generated symbol
     4] _SDA2_BASE_ found as linker generated symbol
     4] _SDA_BASE_ found as linker generated symbol
    3] __init_hardware (func,global) found in __ppc_eabi_init_c.obj 
     4] usr_init (func,global) found in MPC5606B_init_flash_c.obj 
      5] INIT_Derivative (func,global) found in MPC5606B_HWInit_c.obj 
       6] L2SRAM_LOCATION found as linker generated symbol
       6] L2SRAM_CNT found as linker generated symbol
      5] EXCEP_InitExceptionHandlers (func,global) found in Exceptions_c.obj 
       6] EXCEPTION_HANDLERS found as linker generated symbol
      5] INTC_InitINTCInterrupts (func,global) found in IntcInterrupts_c.obj 
       6] INTCInterruptsHandlerTable (object,global) found in IntcInterrupts_c.obj 
        7] interrupt_handler (func,global) found in IntcInterrupts_c.obj 
        7] RENC_IRQ16_23_ISR (func,global) found in rotaryencoder_c.obj 
         8] renc_val (object,global) found in rotaryencoder_c.obj 
        7] BTMR_PIT0_ISR (func,global) found in basetimer_c.obj 
         8] btmr_msec (object,global) found in basetimer_c.obj 
        7] CLCD_PIT1_ISR (func,global) found in charlcd_c.obj 
         8] clcd_QueHeadPtr (object,global) found in charlcd_c.obj 
         8] clcd_QueTailPtr (object,global) found in charlcd_c.obj 
         8] CLCD_ReadBusyFlag (func,global) found in charlcd_c.obj 
          9] CLCD_DelayUs (func,global) found in charlcd_c.obj 
         8] clcd_Que (object,global) found in charlcd_c.obj 
         8] CLCD_WriteInst (func,global) found in charlcd_c.obj 
          9] CLCD_WriteCore (func,global) found in charlcd_c.obj 
         8] CLCD_WriteCh (func,global) found in charlcd_c.obj 
        7] FADC_ADC0_EOC_ISR (func,global) found in freerunadc_c.obj 
         8] fadc_in_k (object,global) found in freerunadc_c.obj 
         8] fadc_lpf_alpha (object,global) found in freerunadc_c.obj 
         8] fadc_out_km1 (object,global) found in freerunadc_c.obj 
         8] fadc_lpf_beta (object,global) found in freerunadc_c.obj 
         8] fadc_in_km1 (object,global) found in freerunadc_c.obj 
         8] fadc_out_k (object,global) found in freerunadc_c.obj 
        7] SDBG_RX0_ISR (func,global) found in serialdebug_c.obj 
         8] sdbg_RxFlag (object,global) found in serialdebug_c.obj 
         8] sdbg_RxSCmdPtr (object,global) found in serialdebug_c.obj 
         8] sdbg_RxCCmd (object,global) found in serialdebug_c.obj 
         8] sdbg_RxSCmd (object,global) found in serialdebug_c.obj 
        7] SDBG_TX0_ISR (func,global) found in serialdebug_c.obj 
         8] sdbg_TxQueHeadPtr (object,global) found in serialdebug_c.obj 
         8] sdbg_TxQueTailPtr (object,global) found in serialdebug_c.obj 
         8] sdbg_TxQue (object,global) found in serialdebug_c.obj 
        7] MUART_RX1_ISR (func,global) found in myuart_c.obj 
         8] muart_RxFlag (object,global) found in myuart_c.obj 
         8] muart_RxSCmdPtr (object,global) found in myuart_c.obj 
         8] muart_RxCCmd (object,global) found in myuart_c.obj 
         8] muart_RxSCmd (object,global) found in myuart_c.obj 
        7] MUART_TX1_ISR (func,global) found in myuart_c.obj 
         8] muart_TxQueHeadPtr (object,global) found in myuart_c.obj 
         8] muart_TxQueTailPtr (object,global) found in myuart_c.obj 
         8] muart_TxQue (object,global) found in myuart_c.obj 
        7] YUART_RX2_ISR (func,global) found in youruart_c.obj 
         8] yuart_RxFlag (object,global) found in youruart_c.obj 
         8] yuart_RxSCmdPtr (object,global) found in youruart_c.obj 
         8] yuart_RxCCmd (object,global) found in youruart_c.obj 
         8] yuart_RxSCmd (object,global) found in youruart_c.obj 
        7] YUART_TX2_ISR (func,global) found in youruart_c.obj 
         8] yuart_TxQueHeadPtr (object,global) found in youruart_c.obj 
         8] yuart_TxQueTailPtr (object,global) found in youruart_c.obj 
         8] yuart_TxQue (object,global) found in youruart_c.obj 
        7] FUSS_PIT3_ISR (func,global) found in freerunusonic_c.obj 
         8] fuss_en_channel (object,global) found in freerunusonic_c.obj 
        7] FUSS_EMIOS1_F10_F11_ISR (func,global) found in freerunusonic_c.obj 
         8] fuss_a (object,global) found in freerunusonic_c.obj 
         8] fuss_b (object,global) found in freerunusonic_c.obj 
         8] fuss_tmeas (object,global) found in freerunusonic_c.obj 
        7] FUSS_EMIOS1_F12_F13_ISR (func,global) found in freerunusonic_c.obj 
        7] FUSS_EMIOS1_F14_F15_ISR (func,global) found in freerunusonic_c.obj 
    3] __init_data (func,weak) found in librt_E200z0_VLE_Soft.a D:\w\EPPC\workspace_codegen\ewl\EWL_Runtime\Runtime_PA_CmdLineData\librt_E200z0_VLE_Soft\obj\__start.o
     4] _rom_copy_info (object,global) found in Linker Generated Symbol File 
     4] __copy_rom_section (func,global) found in librt_E200z0_VLE_Soft.a D:\w\EPPC\workspace_codegen\ewl\EWL_Runtime\Runtime_PA_CmdLineData\librt_E200z0_VLE_Soft\obj\__start.o
      5] memcpy (func,global) found in librt_E200z0_VLE_Soft.a D:\w\EPPC\workspace_codegen\ewl\EWL_Runtime\Runtime_PA_CmdLineData\librt_E200z0_VLE_Soft\obj\__mem.o
      5] __flush_cache (func,global) found in __ppc_eabi_init_c.obj 
     4] _bss_init_info (object,global) found in Linker Generated Symbol File 
     4] __init_bss_section (func,global) found in librt_E200z0_VLE_Soft.a D:\w\EPPC\workspace_codegen\ewl\EWL_Runtime\Runtime_PA_CmdLineData\librt_E200z0_VLE_Soft\obj\__start.o
      5] memset (func,global) found in librt_E200z0_VLE_Soft.a D:\w\EPPC\workspace_codegen\ewl\EWL_Runtime\Runtime_PA_CmdLineData\librt_E200z0_VLE_Soft\obj\__mem.o
       6] __fill_mem (func,global) found in librt_E200z0_VLE_Soft.a D:\w\EPPC\workspace_codegen\ewl\EWL_Runtime\Runtime_PA_CmdLineData\librt_E200z0_VLE_Soft\obj\__mem.o
    3] __init_user (func,global) found in __ppc_eabi_init_c.obj 
     4] FlashConfig (func,global) found in __ppc_eabi_init_c.obj 
      5] @23 (object,local) found in __ppc_eabi_init_c.obj 
    3] main (func,global) found in main_c.obj 
     4] InitPeripherals (func,global) found in main_c.obj 
      5] sys_init_fnc (func,global) found in sys_init_c.obj 
       6] intc_init_fnc (func,global) found in intc_init_c.obj 
        7] en_int_fnc (func,global) found in intc_init_c.obj 
       6] rgm_init_fnc (func,global) found in rgm_init_c.obj 
       6] swt_init_fnc (func,global) found in swt_init_c.obj 
       6] msr_init_fnc (func,global) found in msr_init_c.obj 
       6] sysclk_module_init_fnc (func,global) found in sysclk_init_c.obj 
        7] mode_entry_init_fnc (func,global) found in sysclk_init_c.obj 
        7] sysclk_init_fnc (func,global) found in sysclk_init_c.obj 
        7] cmu_init_fnc (func,global) found in sysclk_init_c.obj 
       6] rtc_init_fnc (func,global) found in rtc_init_c.obj 
       6] stm_init_fnc (func,global) found in stm_init_c.obj 
       6] pit_init_fnc (func,global) found in pit_init_c.obj 
       6] flash_init_fnc (func,global) found in flash_init_c.obj 
       6] mpu_init_fnc (func,global) found in mpu_init_c.obj 
       6] edma_init_fnc (func,global) found in edma_init_c.obj 
       6] flexcan_init_fnc (func,global) found in flexcan_init_c.obj 
        7] flexcan_0_init_fnc (func,global) found in flexcan_init_c.obj 
        7] flexcan_1_init_fnc (func,global) found in flexcan_init_c.obj 
        7] flexcan_2_init_fnc (func,global) found in flexcan_init_c.obj 
        7] flexcan_3_init_fnc (func,global) found in flexcan_init_c.obj 
        7] flexcan_4_init_fnc (func,global) found in flexcan_init_c.obj 
        7] flexcan_5_init_fnc (func,global) found in flexcan_init_c.obj 
       6] cansp_init_fnc (func,global) found in cansp_init_c.obj 
       6] adc_init_fnc (func,global) found in adc_init_c.obj 
        7] adc_0_init_fnc (func,global) found in adc_init_c.obj 
         8] adc_0_channel_setup_fnc (func,global) found in adc_init_c.obj 
         8] adc_0_trigger_setup_fnc (func,global) found in adc_init_c.obj 
        7] adc_1_init_fnc (func,global) found in adc_init_c.obj 
         8] adc_1_channel_setup_fnc (func,global) found in adc_init_c.obj 
         8] adc_1_trigger_setup_fnc (func,global) found in adc_init_c.obj 
        7] adc_ctuevent_init_fnc (func,global) found in adc_init_c.obj 
       6] emios_init_fnc (func,global) found in emios_init_c.obj 
        7] emios_0_init_fnc (func,global) found in emios_init_c.obj 
        7] emios_1_init_fnc (func,global) found in emios_init_c.obj 
       6] dspi_init_fnc (func,global) found in dspi_init_c.obj 
        7] dspi0_init_fnc (func,global) found in dspi_init_c.obj 
        7] dspi1_init_fnc (func,global) found in dspi_init_c.obj 
        7] dspi2_init_fnc (func,global) found in dspi_init_c.obj 
        7] dspi3_init_fnc (func,global) found in dspi_init_c.obj 
        7] dspi4_init_fnc (func,global) found in dspi_init_c.obj 
       6] i2c_0_init_fnc (func,global) found in i2c_init_c.obj 
       6] linflex_init_fnc (func,global) found in linflex_init_c.obj 
        7] linflex0_init_fnc (func,global) found in linflex_init_c.obj 
        7] linflex1_init_fnc (func,global) found in linflex_init_c.obj 
        7] linflex2_init_fnc (func,global) found in linflex_init_c.obj 
        7] linflex3_init_fnc (func,global) found in linflex_init_c.obj 
        7] linflex4_init_fnc (func,global) found in linflex_init_c.obj 
        7] linflex5_init_fnc (func,global) found in linflex_init_c.obj 
       6] mode_entry_post_config_fnc (func,global) found in sysclk_init_c.obj 
       6] siu_init_fnc (func,global) found in siu_init_c.obj 
        7] siu_portA_init_fnc (func,global) found in siu_init_c.obj 
        7] siu_portB_init_fnc (func,global) found in siu_init_c.obj 
        7] siu_portC_init_fnc (func,global) found in siu_init_c.obj 
        7] siu_portD_init_fnc (func,global) found in siu_init_c.obj 
        7] siu_portE_init_fnc (func,global) found in siu_init_c.obj 
        7] siu_portF_init_fnc (func,global) found in siu_init_c.obj 
        7] siu_portG_init_fnc (func,global) found in siu_init_c.obj 
        7] siu_portH_init_fnc (func,global) found in siu_init_c.obj 
        7] siu_general_init_fnc (func,global) found in siu_init_c.obj 
        7] siu_parallel_port_init_fnc (func,global) found in siu_init_c.obj 
        7] siu_unused_pins_init_fnc (func,global) found in siu_init_c.obj 
        7] siu_psmi_init_fnc (func,global) found in siu_init_c.obj 
      5] DLED_Init (func,global) found in demoled_c.obj 
       6] DLED_SetAll (func,global) found in demoled_c.obj 
      5] DSW_Init (func,global) found in demoswitch_c.obj 
      5] BTMR_Init (func,global) found in basetimer_c.obj 
      5] SDBG_Init (func,global) found in serialdebug_c.obj 
       6] sdbg_pSCmdCallback (object,global) found in serialdebug_c.obj 
       6] sdbg_pCCmdCallback (object,global) found in serialdebug_c.obj 
      5] MUART_Init (func,global) found in myuart_c.obj 
       6] muart_pSCmdCallback (object,global) found in myuart_c.obj 
       6] muart_pCCmdCallback (object,global) found in myuart_c.obj 
      5] YUART_Init (func,global) found in youruart_c.obj 
       6] yuart_pSCmdCallback (object,global) found in youruart_c.obj 
       6] yuart_pCCmdCallback (object,global) found in youruart_c.obj 
      5] CLCD_Init (func,global) found in charlcd_c.obj 
       6] CLCD_PutInstDir (func,global) found in charlcd_c.obj 
       6] clcd_Font (object,global) found in charlcd_c.obj 
       6] CLCD_PutChDir (func,global) found in charlcd_c.obj 
      5] FADC_Init (func,global) found in freerunadc_c.obj 
      5] RENC_Init (func,global) found in rotaryencoder_c.obj 
      5] MCTL_Init (func,global) found in motorcontrol_c.obj 
      5] EnableExternalInterrupts (func,global) found in rappid_utils_c.obj 
     4] Callback_s (func,global) found in main_c.obj 
      5] @75 (object,local) found in main_c.obj 
      5] sscanf (func,global) found in libc_E200z0_VLE_Soft.a D:\w\EPPC\workspace_codegen\ewl\EWL_C\EWL_C.PA_CmdLineData\libc_E200z0_VLE_Soft\obj\scanf.o
       6] vsscanf (func,global) found in libc_E200z0_VLE_Soft.a D:\w\EPPC\workspace_codegen\ewl\EWL_C\EWL_C.PA_CmdLineData\libc_E200z0_VLE_Soft\obj\scanf.o
        7] __StringRead (func,global) found in libc_E200z0_VLE_Soft.a D:\w\EPPC\workspace_codegen\ewl\EWL_C\EWL_C.PA_CmdLineData\libc_E200z0_VLE_Soft\obj\scanf.o
        7] __sformatter (func,global) found in libc_E200z0_VLE_Soft.a D:\w\EPPC\workspace_codegen\ewl\EWL_C\EWL_C.PA_CmdLineData\libc_E200z0_VLE_Soft\obj\scanformat_.o
         8] __create_frame_and_save_gpr_15 (func,global) found in librt_E200z0_VLE_Soft.a D:\w\EPPC\workspace_codegen\ewl\EWL_Runtime\Runtime_PA_CmdLineData\librt_E200z0_VLE_Soft\obj\runtime.o
          9] __save_lr (notype,global) found in librt_E200z0_VLE_Soft.a D:\w\EPPC\workspace_codegen\ewl\EWL_Runtime\Runtime_PA_CmdLineData\librt_E200z0_VLE_Soft\obj\runtime.o
           10] __create_frame (func,global) found in librt_E200z0_VLE_Soft.a D:\w\EPPC\workspace_codegen\ewl\EWL_Runtime\Runtime_PA_CmdLineData\librt_E200z0_VLE_Soft\obj\runtime.o
         8] isspace (func,weak) found in libc_E200z0_VLE_Soft.a D:\w\EPPC\workspace_codegen\ewl\EWL_C\EWL_C.PA_CmdLineData\libc_E200z0_VLE_Soft\obj\ctype.o
         8] >>> UNREFERENCED DUPLICATE isspace
         8] >>> (func,weak) found in libc_E200z0_VLE_Soft.a D:\w\EPPC\workspace_codegen\ewl\EWL_C\EWL_C.PA_CmdLineData\libc_E200z0_VLE_Soft\obj\strtold.o
         8] >>> (func,weak) found in libc_E200z0_VLE_Soft.a D:\w\EPPC\workspace_codegen\ewl\EWL_C\EWL_C.PA_CmdLineData\libc_E200z0_VLE_Soft\obj\strtoul.o
         8] >>> (func,weak) found in libc_E200z0_VLE_Soft.a D:\w\EPPC\workspace_codegen\ewl\EWL_C\EWL_C.PA_CmdLineData\libc_E200z0_VLE_Soft\obj\scanformat_.o
         8] >>> (func,weak) found in libc_E200z0_VLE_Soft.a D:\w\EPPC\workspace_codegen\ewl\EWL_C\EWL_C.PA_CmdLineData\libc_E200z0_VLE_Soft\obj\scanformat_ll.o
         8] >>> (func,weak) found in libc_E200z0_VLE_Soft.a D:\w\EPPC\workspace_codegen\ewl\EWL_C\EWL_C.PA_CmdLineData\libc_E200z0_VLE_Soft\obj\scanformat_fp.o
         8] >>> (func,weak) found in libc_E200z0_VLE_Soft.a D:\w\EPPC\workspace_codegen\ewl\EWL_C\EWL_C.PA_CmdLineData\libc_E200z0_VLE_Soft\obj\scanformat_fp_ll.o
         8] >>> (func,weak) found in libc_E200z0_VLE_Soft.a D:\w\EPPC\workspace_codegen\ewl\EWL_C\EWL_C.PA_CmdLineData\libc_E200z0_VLE_Soft\obj\scanformat_s.o
         8] >>> (func,weak) found in libc_E200z0_VLE_Soft.a D:\w\EPPC\workspace_codegen\ewl\EWL_C\EWL_C.PA_CmdLineData\libc_E200z0_VLE_Soft\obj\scanformat_s_ll.o
         8] >>> (func,weak) found in libc_E200z0_VLE_Soft.a D:\w\EPPC\workspace_codegen\ewl\EWL_C\EWL_C.PA_CmdLineData\libc_E200z0_VLE_Soft\obj\scanformat_s_fp.o
         8] >>> (func,weak) found in libc_E200z0_VLE_Soft.a D:\w\EPPC\workspace_codegen\ewl\EWL_C\EWL_C.PA_CmdLineData\libc_E200z0_VLE_Soft\obj\scanformat_s_fp_ll.o
          9] __ctype_mapC (object,global) found in libc_E200z0_VLE_Soft.a D:\w\EPPC\workspace_codegen\ewl\EWL_C\EWL_C.PA_CmdLineData\libc_E200z0_VLE_Soft\obj\ctype.o
         8] parse_format (func,local) found in libc_E200z0_VLE_Soft.a D:\w\EPPC\workspace_codegen\ewl\EWL_C\EWL_C.PA_CmdLineData\libc_E200z0_VLE_Soft\obj\scanformat_.o
          9] __create_frame_and_save_gpr_29 (func,global) found in librt_E200z0_VLE_Soft.a D:\w\EPPC\workspace_codegen\ewl\EWL_Runtime\Runtime_PA_CmdLineData\librt_E200z0_VLE_Soft\obj\runtime.o
          9] @186 (object,local) found in libc_E200z0_VLE_Soft.a D:\w\EPPC\workspace_codegen\ewl\EWL_C\EWL_C.PA_CmdLineData\libc_E200z0_VLE_Soft\obj\scanformat_.o
          9] isdigit (func,weak) found in libc_E200z0_VLE_Soft.a D:\w\EPPC\workspace_codegen\ewl\EWL_C\EWL_C.PA_CmdLineData\libc_E200z0_VLE_Soft\obj\ctype.o
          9] >>> UNREFERENCED DUPLICATE isdigit
          9] >>> (func,weak) found in libc_E200z0_VLE_Soft.a D:\w\EPPC\workspace_codegen\ewl\EWL_C\EWL_C.PA_CmdLineData\libc_E200z0_VLE_Soft\obj\strtold.o
          9] >>> (func,weak) found in libc_E200z0_VLE_Soft.a D:\w\EPPC\workspace_codegen\ewl\EWL_C\EWL_C.PA_CmdLineData\libc_E200z0_VLE_Soft\obj\strtoul.o
          9] >>> (func,weak) found in libc_E200z0_VLE_Soft.a D:\w\EPPC\workspace_codegen\ewl\EWL_C\EWL_C.PA_CmdLineData\libc_E200z0_VLE_Soft\obj\printformat_.o
          9] >>> (func,weak) found in libc_E200z0_VLE_Soft.a D:\w\EPPC\workspace_codegen\ewl\EWL_C\EWL_C.PA_CmdLineData\libc_E200z0_VLE_Soft\obj\printformat_ll.o
          9] >>> (func,weak) found in libc_E200z0_VLE_Soft.a D:\w\EPPC\workspace_codegen\ewl\EWL_C\EWL_C.PA_CmdLineData\libc_E200z0_VLE_Soft\obj\printformat_fp.o
          9] >>> (func,weak) found in libc_E200z0_VLE_Soft.a D:\w\EPPC\workspace_codegen\ewl\EWL_C\EWL_C.PA_CmdLineData\libc_E200z0_VLE_Soft\obj\printformat_fp_ll.o
          9] >>> (func,weak) found in libc_E200z0_VLE_Soft.a D:\w\EPPC\workspace_codegen\ewl\EWL_C\EWL_C.PA_CmdLineData\libc_E200z0_VLE_Soft\obj\printformat_s.o
          9] >>> (func,weak) found in libc_E200z0_VLE_Soft.a D:\w\EPPC\workspace_codegen\ewl\EWL_C\EWL_C.PA_CmdLineData\libc_E200z0_VLE_Soft\obj\printformat_s_ll.o
          9] >>> (func,weak) found in libc_E200z0_VLE_Soft.a D:\w\EPPC\workspace_codegen\ewl\EWL_C\EWL_C.PA_CmdLineData\libc_E200z0_VLE_Soft\obj\printformat_s_fp.o
          9] >>> (func,weak) found in libc_E200z0_VLE_Soft.a D:\w\EPPC\workspace_codegen\ewl\EWL_C\EWL_C.PA_CmdLineData\libc_E200z0_VLE_Soft\obj\printformat_s_fp_ll.o
          9] >>> (func,weak) found in libc_E200z0_VLE_Soft.a D:\w\EPPC\workspace_codegen\ewl\EWL_C\EWL_C.PA_CmdLineData\libc_E200z0_VLE_Soft\obj\scanformat_.o
          9] >>> (func,weak) found in libc_E200z0_VLE_Soft.a D:\w\EPPC\workspace_codegen\ewl\EWL_C\EWL_C.PA_CmdLineData\libc_E200z0_VLE_Soft\obj\scanformat_ll.o
          9] >>> (func,weak) found in libc_E200z0_VLE_Soft.a D:\w\EPPC\workspace_codegen\ewl\EWL_C\EWL_C.PA_CmdLineData\libc_E200z0_VLE_Soft\obj\scanformat_fp.o
          9] >>> (func,weak) found in libc_E200z0_VLE_Soft.a D:\w\EPPC\workspace_codegen\ewl\EWL_C\EWL_C.PA_CmdLineData\libc_E200z0_VLE_Soft\obj\scanformat_fp_ll.o
          9] >>> (func,weak) found in libc_E200z0_VLE_Soft.a D:\w\EPPC\workspace_codegen\ewl\EWL_C\EWL_C.PA_CmdLineData\libc_E200z0_VLE_Soft\obj\scanformat_s.o
          9] >>> (func,weak) found in libc_E200z0_VLE_Soft.a D:\w\EPPC\workspace_codegen\ewl\EWL_C\EWL_C.PA_CmdLineData\libc_E200z0_VLE_Soft\obj\scanformat_s_ll.o
          9] >>> (func,weak) found in libc_E200z0_VLE_Soft.a D:\w\EPPC\workspace_codegen\ewl\EWL_C\EWL_C.PA_CmdLineData\libc_E200z0_VLE_Soft\obj\scanformat_s_fp.o
          9] >>> (func,weak) found in libc_E200z0_VLE_Soft.a D:\w\EPPC\workspace_codegen\ewl\EWL_C\EWL_C.PA_CmdLineData\libc_E200z0_VLE_Soft\obj\scanformat_s_fp_ll.o
          9] @273 (object,local) found in libc_E200z0_VLE_Soft.a D:\w\EPPC\workspace_codegen\ewl\EWL_C\EWL_C.PA_CmdLineData\libc_E200z0_VLE_Soft\obj\scanformat_.o
          9] __restore_gpr_29_exit (func,global) found in librt_E200z0_VLE_Soft.a D:\w\EPPC\workspace_codegen\ewl\EWL_Runtime\Runtime_PA_CmdLineData\librt_E200z0_VLE_Soft\obj\runtime.o
           10] __finish_restore_frame_and_exit (notype,global) found in librt_E200z0_VLE_Soft.a D:\w\EPPC\workspace_codegen\ewl\EWL_Runtime\Runtime_PA_CmdLineData\librt_E200z0_VLE_Soft\obj\runtime.o
            11] __restore_gpr_31_exit (func,global) found in librt_E200z0_VLE_Soft.a D:\w\EPPC\workspace_codegen\ewl\EWL_Runtime\Runtime_PA_CmdLineData\librt_E200z0_VLE_Soft\obj\runtime.o
             12] __finish_restore_frame_and_exit2 (notype,global) found in librt_E200z0_VLE_Soft.a D:\w\EPPC\workspace_codegen\ewl\EWL_Runtime\Runtime_PA_CmdLineData\librt_E200z0_VLE_Soft\obj\runtime.o
              13] __restore_frame_and_exit (func,global) found in librt_E200z0_VLE_Soft.a D:\w\EPPC\workspace_codegen\ewl\EWL_Runtime\Runtime_PA_CmdLineData\librt_E200z0_VLE_Soft\obj\runtime.o
         8] __va_arg (func,global) found in librt_E200z0_VLE_Soft.a D:\w\EPPC\workspace_codegen\ewl\EWL_Runtime\Runtime_PA_CmdLineData\librt_E200z0_VLE_Soft\obj\__va_arg.o
         8] __strtoul (func,global) found in libc_E200z0_VLE_Soft.a D:\w\EPPC\workspace_codegen\ewl\EWL_C\EWL_C.PA_CmdLineData\libc_E200z0_VLE_Soft\obj\strtoul.o
          9] __create_frame_and_save_gpr_16 (func,global) found in librt_E200z0_VLE_Soft.a D:\w\EPPC\workspace_codegen\ewl\EWL_Runtime\Runtime_PA_CmdLineData\librt_E200z0_VLE_Soft\obj\runtime.o
          9] __upper_mapC (object,global) found in libc_E200z0_VLE_Soft.a D:\w\EPPC\workspace_codegen\ewl\EWL_C\EWL_C.PA_CmdLineData\libc_E200z0_VLE_Soft\obj\ctype.o
          9] isalpha (func,weak) found in libc_E200z0_VLE_Soft.a D:\w\EPPC\workspace_codegen\ewl\EWL_C\EWL_C.PA_CmdLineData\libc_E200z0_VLE_Soft\obj\ctype.o
          9] >>> UNREFERENCED DUPLICATE isalpha
          9] >>> (func,weak) found in libc_E200z0_VLE_Soft.a D:\w\EPPC\workspace_codegen\ewl\EWL_C\EWL_C.PA_CmdLineData\libc_E200z0_VLE_Soft\obj\strtoul.o
          9] __restore_gpr_16_exit (func,global) found in librt_E200z0_VLE_Soft.a D:\w\EPPC\workspace_codegen\ewl\EWL_Runtime\Runtime_PA_CmdLineData\librt_E200z0_VLE_Soft\obj\runtime.o
         8] __restore_gpr_15_exit (func,global) found in librt_E200z0_VLE_Soft.a D:\w\EPPC\workspace_codegen\ewl\EWL_Runtime\Runtime_PA_CmdLineData\librt_E200z0_VLE_Soft\obj\runtime.o
      5] MCTL_RotateSwheel (func,global) found in motorcontrol_c.obj 
      5] @76 (object,local) found in main_c.obj 
      5] SDBG_Printf (func,global) found in serialdebug_c.obj 
       6] vsprintf (func,global) found in libc_E200z0_VLE_Soft.a D:\w\EPPC\workspace_codegen\ewl\EWL_C\EWL_C.PA_CmdLineData\libc_E200z0_VLE_Soft\obj\printf.o
        7] vsnprintf (func,global) found in libc_E200z0_VLE_Soft.a D:\w\EPPC\workspace_codegen\ewl\EWL_C\EWL_C.PA_CmdLineData\libc_E200z0_VLE_Soft\obj\printf.o
         8] _savegpr_29 (notype,global) found in librt_E200z0_VLE_Soft.a D:\w\EPPC\workspace_codegen\ewl\EWL_Runtime\Runtime_PA_CmdLineData\librt_E200z0_VLE_Soft\obj\runtime.o
          9] __save_gpr (func,local) found in librt_E200z0_VLE_Soft.a D:\w\EPPC\workspace_codegen\ewl\EWL_Runtime\Runtime_PA_CmdLineData\librt_E200z0_VLE_Soft\obj\runtime.o
         8] __StringWrite (func,global) found in libc_E200z0_VLE_Soft.a D:\w\EPPC\workspace_codegen\ewl\EWL_C\EWL_C.PA_CmdLineData\libc_E200z0_VLE_Soft\obj\printf.o
          9] _savegpr_30 (notype,global) found in librt_E200z0_VLE_Soft.a D:\w\EPPC\workspace_codegen\ewl\EWL_Runtime\Runtime_PA_CmdLineData\librt_E200z0_VLE_Soft\obj\runtime.o
          9] __restore_gpr_30_exit (func,global) found in librt_E200z0_VLE_Soft.a D:\w\EPPC\workspace_codegen\ewl\EWL_Runtime\Runtime_PA_CmdLineData\librt_E200z0_VLE_Soft\obj\runtime.o
         8] __pformatter (func,global) found in libc_E200z0_VLE_Soft.a D:\w\EPPC\workspace_codegen\ewl\EWL_C\EWL_C.PA_CmdLineData\libc_E200z0_VLE_Soft\obj\printformat_.o
          9] __create_frame_and_save_gpr_21 (func,global) found in librt_E200z0_VLE_Soft.a D:\w\EPPC\workspace_codegen\ewl\EWL_Runtime\Runtime_PA_CmdLineData\librt_E200z0_VLE_Soft\obj\runtime.o
          9] strchr (func,global) found in libc_E200z0_VLE_Soft.a D:\w\EPPC\workspace_codegen\ewl\EWL_C\EWL_C.PA_CmdLineData\libc_E200z0_VLE_Soft\obj\string.o
          9] strlen (func,weak) found in librt_E200z0_VLE_Soft.a D:\w\EPPC\workspace_codegen\ewl\EWL_Runtime\Runtime_PA_CmdLineData\librt_E200z0_VLE_Soft\obj\__mem.o
          9] parse_format (func,local) found in libc_E200z0_VLE_Soft.a D:\w\EPPC\workspace_codegen\ewl\EWL_C\EWL_C.PA_CmdLineData\libc_E200z0_VLE_Soft\obj\printformat_.o
           10] _savegpr_28 (notype,global) found in librt_E200z0_VLE_Soft.a D:\w\EPPC\workspace_codegen\ewl\EWL_Runtime\Runtime_PA_CmdLineData\librt_E200z0_VLE_Soft\obj\runtime.o
           10] @248 (object,local) found in libc_E200z0_VLE_Soft.a D:\w\EPPC\workspace_codegen\ewl\EWL_C\EWL_C.PA_CmdLineData\libc_E200z0_VLE_Soft\obj\printformat_.o
           10] __restore_gpr_28_exit (func,global) found in librt_E200z0_VLE_Soft.a D:\w\EPPC\workspace_codegen\ewl\EWL_Runtime\Runtime_PA_CmdLineData\librt_E200z0_VLE_Soft\obj\runtime.o
          9] long2str (func,local) found in libc_E200z0_VLE_Soft.a D:\w\EPPC\workspace_codegen\ewl\EWL_C\EWL_C.PA_CmdLineData\libc_E200z0_VLE_Soft\obj\printformat_.o
           10] _savegpr_26 (notype,global) found in librt_E200z0_VLE_Soft.a D:\w\EPPC\workspace_codegen\ewl\EWL_Runtime\Runtime_PA_CmdLineData\librt_E200z0_VLE_Soft\obj\runtime.o
           10] set_base (func,local) found in libc_E200z0_VLE_Soft.a D:\w\EPPC\workspace_codegen\ewl\EWL_C\EWL_C.PA_CmdLineData\libc_E200z0_VLE_Soft\obj\printformat_.o
           10] justify_conversion (func,local) found in libc_E200z0_VLE_Soft.a D:\w\EPPC\workspace_codegen\ewl\EWL_C\EWL_C.PA_CmdLineData\libc_E200z0_VLE_Soft\obj\printformat_.o
           10] __restore_gpr_26_exit (func,global) found in librt_E200z0_VLE_Soft.a D:\w\EPPC\workspace_codegen\ewl\EWL_Runtime\Runtime_PA_CmdLineData\librt_E200z0_VLE_Soft\obj\runtime.o
          9] @650 (object,local) found in libc_E200z0_VLE_Soft.a D:\w\EPPC\workspace_codegen\ewl\EWL_C\EWL_C.PA_CmdLineData\libc_E200z0_VLE_Soft\obj\printformat_.o
          9] memchr (func,global) found in libc_E200z0_VLE_Soft.a D:\w\EPPC\workspace_codegen\ewl\EWL_C\EWL_C.PA_CmdLineData\libc_E200z0_VLE_Soft\obj\mem.o
          9] __restore_gpr_21_exit (func,global) found in librt_E200z0_VLE_Soft.a D:\w\EPPC\workspace_codegen\ewl\EWL_Runtime\Runtime_PA_CmdLineData\librt_E200z0_VLE_Soft\obj\runtime.o
       6] SDBG_PutStr (func,global) found in serialdebug_c.obj 
        7] SDBG_PutCh (func,global) found in serialdebug_c.obj 
         8] SDBG_IsTxQueFull (func,global) found in serialdebug_c.obj 
          9] DisableExternalInterrupts (func,global) found in rappid_utils_c.obj 
     4] SDBG_RegisterSmallCmd (func,global) found in serialdebug_c.obj 
     4] DoMainLoop (func,global) found in main_c.obj 
      5] @LOCAL@DoMainLoop__Fv@t_c (object,local) found in main_c.obj 
      5] SDBG_IsEvents (func,global) found in serialdebug_c.obj 
      5] SDBG_ExecuteCallback (func,global) found in serialdebug_c.obj 
       6] SDBG_PrintNoRegCmd (func,global) found in serialdebug_c.obj 
        7] @138 (object,local) found in serialdebug_c.obj 
      5] MUART_IsEvents (func,global) found in myuart_c.obj 
      5] MUART_ExecuteCallback (func,global) found in myuart_c.obj 
       6] MUART_PrintNoRegCmd (func,global) found in myuart_c.obj 
        7] @138 (object,local) found in myuart_c.obj 
        7] MUART_Printf (func,global) found in myuart_c.obj 
         8] MUART_PutStr (func,global) found in myuart_c.obj 
          9] MUART_PutCh (func,global) found in myuart_c.obj 
           10] MUART_IsTxQueFull (func,global) found in myuart_c.obj 
      5] BTMR_GetRuntime (func,global) found in basetimer_c.obj 
      5] @LOCAL@DoMainLoop__Fv@t_old@0 (object,local) found in main_c.obj 
      5] CAM_Clock_ISR (func,global) found in camera_c.obj 
    3] exit (func,global) found in libc_E200z0_VLE_Soft.a D:\w\EPPC\workspace_codegen\ewl\EWL_C\EWL_C.PA_CmdLineData\libc_E200z0_VLE_Soft\obj\abort_exit.o
    3] >>> UNREFERENCED DUPLICATE exit
    3] >>> (func,weak) found in __ppc_eabi_init_c.obj 
     4] __destroy_global_chain (func,global) found in librt_E200z0_VLE_Soft.a D:\w\EPPC\workspace_codegen\ewl\EWL_Runtime\Runtime_PA_CmdLineData\librt_E200z0_VLE_Soft\obj\global_destructor_chain.o
      5] __global_destructor_chain (object,global) found in librt_E200z0_VLE_Soft.a D:\w\EPPC\workspace_codegen\ewl\EWL_Runtime\Runtime_PA_CmdLineData\librt_E200z0_VLE_Soft\obj\global_destructor_chain.o
     4] __stdio_exit (object,global) found in libc_E200z0_VLE_Soft.a D:\w\EPPC\workspace_codegen\ewl\EWL_C\EWL_C.PA_CmdLineData\libc_E200z0_VLE_Soft\obj\abort_exit.o
     4] __console_exit (object,global) found in libc_E200z0_VLE_Soft.a D:\w\EPPC\workspace_codegen\ewl\EWL_C\EWL_C.PA_CmdLineData\libc_E200z0_VLE_Soft\obj\abort_exit.o
     4] _ExitProcess (func,weak) found in __ppc_eabi_init_c.obj 
  1] bam_rchw (object,global) found in MPC5606B_init_flash_c.obj 
  1] bam_resetvector (object,global) found in MPC5606B_init_flash_c.obj 
  1] EXCEP_DefaultExceptionHandler (func,global) found in Exceptions_c.obj 
  1] INTC_INTCInterruptHandler (func,global) found in IntcInterrupts_c.obj 
  1] ivor_branch_table_p0 (func,global) found in ivor_branch_table_c.obj 
    3] .init (section,local) found in MPC5606B_init_flash_c.obj 
    3] .init.13 (notype,local) found in MPC5606B_init_flash_c.obj 
    3] .init (section,local) found in MPC5606B_Startup_c.obj 
    3] .init.21 (notype,local) found in MPC5606B_Startup_c.obj 
    3] .text (section,local) found in MPC5606B_HWInit_c.obj 
    3] .text.13 (notype,local) found in MPC5606B_HWInit_c.obj 
    3] .text (section,local) found in youruart_c.obj 
    3] .text.199 (notype,local) found in youruart_c.obj 
    3] .text (section,local) found in sysclk_init_c.obj 
    3] .text.45 (notype,local) found in sysclk_init_c.obj 
    3] .text (section,local) found in sys_init_c.obj 
    3] .text.11 (notype,local) found in sys_init_c.obj 
    3] .text (section,local) found in swt_init_c.obj 
    3] .text.29 (notype,local) found in swt_init_c.obj 
    3] .text (section,local) found in stm_init_c.obj 
    3] .text.9 (notype,local) found in stm_init_c.obj 
    3] .text (section,local) found in siu_init_c.obj 
    3] .text.57 (notype,local) found in siu_init_c.obj 
    3] .text (section,local) found in serialdebug_c.obj 
    3] .text.199 (notype,local) found in serialdebug_c.obj 
    3] .text (section,local) found in rtc_init_c.obj 
    3] .text.9 (notype,local) found in rtc_init_c.obj 
    3] .text (section,local) found in rotaryencoder_c.obj 
    3] .text.32 (notype,local) found in rotaryencoder_c.obj 
    3] .text (section,local) found in rgm_init_c.obj 
    3] .text.9 (notype,local) found in rgm_init_c.obj 
    3] .text (section,local) found in rappid_utils_c.obj 
    3] .text.29 (notype,local) found in rappid_utils_c.obj 
    3] .text (section,local) found in pit_init_c.obj 
    3] .text.9 (notype,local) found in pit_init_c.obj 
    3] .text (section,local) found in myuart_c.obj 
    3] .text.199 (notype,local) found in myuart_c.obj 
    3] .text (section,local) found in msr_init_c.obj 
    3] .text.8 (notype,local) found in msr_init_c.obj 
    3] .text (section,local) found in mpu_init_c.obj 
    3] .text.9 (notype,local) found in mpu_init_c.obj 
    3] .text (section,local) found in motorcontrol_c.obj 
    3] .text.36 (notype,local) found in motorcontrol_c.obj 
    3] .text (section,local) found in main_c.obj 
    3] .text.101 (notype,local) found in main_c.obj 
    3] .text (section,local) found in linflex_init_c.obj 
    3] .text.33 (notype,local) found in linflex_init_c.obj 
    3] .ivor_branch_table (section,local) found in ivor_branch_table_c.obj 
    3] .ivor_branch_table.24 (notype,local) found in ivor_branch_table_c.obj 
    3] .text (section,local) found in intc_init_c.obj 
    3] .text.18 (notype,local) found in intc_init_c.obj 
    3] .text (section,local) found in i2c_init_c.obj 
    3] .text.9 (notype,local) found in i2c_init_c.obj 
    3] .text (section,local) found in freerunusonic_c.obj 
    3] .text.74 (notype,local) found in freerunusonic_c.obj 
    3] .text (section,local) found in freerunadc_c.obj 
    3] .text.35 (notype,local) found in freerunadc_c.obj 
    3] .text (section,local) found in flexcan_init_c.obj 
    3] .text.196 (notype,local) found in flexcan_init_c.obj 
    3] .text (section,local) found in flash_init_c.obj 
    3] .text.14 (notype,local) found in flash_init_c.obj 
    3] .text (section,local) found in emios_init_c.obj 
    3] .text.17 (notype,local) found in emios_init_c.obj 
    3] .text (section,local) found in edma_init_c.obj 
    3] .text.9 (notype,local) found in edma_init_c.obj 
    3] .text (section,local) found in dspi_init_c.obj 
    3] .text.29 (notype,local) found in dspi_init_c.obj 
    3] .text (section,local) found in demoswitch_c.obj 
    3] .text.67 (notype,local) found in demoswitch_c.obj 
    3] .text (section,local) found in demoled_c.obj 
    3] .text.47 (notype,local) found in demoled_c.obj 
    3] .text (section,local) found in charlcd_c.obj 
    3] .text.187 (notype,local) found in charlcd_c.obj 
    3] .text (section,local) found in cansp_init_c.obj 
    3] .text.19 (notype,local) found in cansp_init_c.obj 
    3] .text (section,local) found in camera_c.obj 
    3] .text.37 (notype,local) found in camera_c.obj 
    3] .text (section,local) found in basetimer_c.obj 
    3] .text.64 (notype,local) found in basetimer_c.obj 
    3] .text (section,local) found in adc_init_c.obj 
    3] .text.37 (notype,local) found in adc_init_c.obj 
    3] .text (section,local) found in libc_E200z0_VLE_Soft.a D:\w\EPPC\workspace_codegen\ewl\EWL_C\EWL_C.PA_CmdLineData\libc_E200z0_VLE_Soft\obj\abort_exit.o
    3] .text.86 (notype,local) found in libc_E200z0_VLE_Soft.a D:\w\EPPC\workspace_codegen\ewl\EWL_C\EWL_C.PA_CmdLineData\libc_E200z0_VLE_Soft\obj\abort_exit.o
    3] .text (section,local) found in libc_E200z0_VLE_Soft.a D:\w\EPPC\workspace_codegen\ewl\EWL_C\EWL_C.PA_CmdLineData\libc_E200z0_VLE_Soft\obj\ctype.o
    3] .text.255 (notype,local) found in libc_E200z0_VLE_Soft.a D:\w\EPPC\workspace_codegen\ewl\EWL_C\EWL_C.PA_CmdLineData\libc_E200z0_VLE_Soft\obj\ctype.o
    3] .text (section,local) found in libc_E200z0_VLE_Soft.a D:\w\EPPC\workspace_codegen\ewl\EWL_C\EWL_C.PA_CmdLineData\libc_E200z0_VLE_Soft\obj\mem.o
    3] .text.171 (notype,local) found in libc_E200z0_VLE_Soft.a D:\w\EPPC\workspace_codegen\ewl\EWL_C\EWL_C.PA_CmdLineData\libc_E200z0_VLE_Soft\obj\mem.o
    3] .text (section,local) found in libc_E200z0_VLE_Soft.a D:\w\EPPC\workspace_codegen\ewl\EWL_C\EWL_C.PA_CmdLineData\libc_E200z0_VLE_Soft\obj\printf.o
    3] .text.500 (notype,local) found in libc_E200z0_VLE_Soft.a D:\w\EPPC\workspace_codegen\ewl\EWL_C\EWL_C.PA_CmdLineData\libc_E200z0_VLE_Soft\obj\printf.o
    3] .text (section,local) found in libc_E200z0_VLE_Soft.a D:\w\EPPC\workspace_codegen\ewl\EWL_C\EWL_C.PA_CmdLineData\libc_E200z0_VLE_Soft\obj\scanf.o
    3] .text.475 (notype,local) found in libc_E200z0_VLE_Soft.a D:\w\EPPC\workspace_codegen\ewl\EWL_C\EWL_C.PA_CmdLineData\libc_E200z0_VLE_Soft\obj\scanf.o
    3] .text (section,local) found in libc_E200z0_VLE_Soft.a D:\w\EPPC\workspace_codegen\ewl\EWL_C\EWL_C.PA_CmdLineData\libc_E200z0_VLE_Soft\obj\string.o
    3] .text.849 (notype,local) found in libc_E200z0_VLE_Soft.a D:\w\EPPC\workspace_codegen\ewl\EWL_C\EWL_C.PA_CmdLineData\libc_E200z0_VLE_Soft\obj\string.o
    3] .text (section,local) found in libc_E200z0_VLE_Soft.a D:\w\EPPC\workspace_codegen\ewl\EWL_C\EWL_C.PA_CmdLineData\libc_E200z0_VLE_Soft\obj\strtoul.o
    3] .text.488 (notype,local) found in libc_E200z0_VLE_Soft.a D:\w\EPPC\workspace_codegen\ewl\EWL_C\EWL_C.PA_CmdLineData\libc_E200z0_VLE_Soft\obj\strtoul.o
    3] .text (section,local) found in libc_E200z0_VLE_Soft.a D:\w\EPPC\workspace_codegen\ewl\EWL_C\EWL_C.PA_CmdLineData\libc_E200z0_VLE_Soft\obj\printformat_.o
    3] .text.687 (notype,local) found in libc_E200z0_VLE_Soft.a D:\w\EPPC\workspace_codegen\ewl\EWL_C\EWL_C.PA_CmdLineData\libc_E200z0_VLE_Soft\obj\printformat_.o
    3] .text (section,local) found in libc_E200z0_VLE_Soft.a D:\w\EPPC\workspace_codegen\ewl\EWL_C\EWL_C.PA_CmdLineData\libc_E200z0_VLE_Soft\obj\scanformat_.o
    3] .text.652 (notype,local) found in libc_E200z0_VLE_Soft.a D:\w\EPPC\workspace_codegen\ewl\EWL_C\EWL_C.PA_CmdLineData\libc_E200z0_VLE_Soft\obj\scanformat_.o
    3] .init (section,local) found in librt_E200z0_VLE_Soft.a D:\w\EPPC\workspace_codegen\ewl\EWL_Runtime\Runtime_PA_CmdLineData\librt_E200z0_VLE_Soft\obj\__start.o
    3] .init.104 (notype,local) found in librt_E200z0_VLE_Soft.a D:\w\EPPC\workspace_codegen\ewl\EWL_Runtime\Runtime_PA_CmdLineData\librt_E200z0_VLE_Soft\obj\__start.o
    3] .text (section,local) found in librt_E200z0_VLE_Soft.a D:\w\EPPC\workspace_codegen\ewl\EWL_Runtime\Runtime_PA_CmdLineData\librt_E200z0_VLE_Soft\obj\__va_arg.o
    3] .text.40 (notype,local) found in librt_E200z0_VLE_Soft.a D:\w\EPPC\workspace_codegen\ewl\EWL_Runtime\Runtime_PA_CmdLineData\librt_E200z0_VLE_Soft\obj\__va_arg.o
    3] .text (section,local) found in librt_E200z0_VLE_Soft.a D:\w\EPPC\workspace_codegen\ewl\EWL_Runtime\Runtime_PA_CmdLineData\librt_E200z0_VLE_Soft\obj\global_destructor_chain.o
    3] .text.104 (notype,local) found in librt_E200z0_VLE_Soft.a D:\w\EPPC\workspace_codegen\ewl\EWL_Runtime\Runtime_PA_CmdLineData\librt_E200z0_VLE_Soft\obj\global_destructor_chain.o
    3] .text (section,local) found in librt_E200z0_VLE_Soft.a D:\w\EPPC\workspace_codegen\ewl\EWL_Runtime\Runtime_PA_CmdLineData\librt_E200z0_VLE_Soft\obj\runtime.o
    3] .text.205 (notype,local) found in librt_E200z0_VLE_Soft.a D:\w\EPPC\workspace_codegen\ewl\EWL_Runtime\Runtime_PA_CmdLineData\librt_E200z0_VLE_Soft\obj\runtime.o
