Link map of __startup
  1] __startup (func,global) found in MPC5606B_Startup_c.obj 
   2] __start (func,global) found in librt_E200z0_VLE_Soft.a D:\w\EPPC\workspace_codegen\ewl\EWL_Runtime\Runtime_PA_CmdLineData\librt_E200z0_VLE_Soft\obj\__start.o
    3] __init_registers (func,weak) found in librt_E200z0_VLE_Soft.a D:\w\EPPC\workspace_codegen\ewl\EWL_Runtime\Runtime_PA_CmdLineData\librt_E200z0_VLE_Soft\obj\__start.o
     4] _stack_addr found as linker generated symbol
     4] _SDA2_BASE_ found as linker generated symbol
     4] _SDA_BASE_ found as linker generated symbol
    3] __init_hardware (func,global) found in __ppc_eabi_init_c.obj 
     4] usr_init (func,global) found in MPC5606B_init_flash_c.obj 
      5] INIT_Derivative (func,global) found in MPC5606B_HWInit_c.obj 
       6] L2SRAM_LOCATION found as linker generated symbol
       6] L2SRAM_CNT found as linker generated symbol
      5] EXCEP_InitExceptionHandlers (func,global) found in Exceptions_c.obj 
       6] EXCEPTION_HANDLERS found as linker generated symbol
      5] INTC_InitINTCInterrupts (func,global) found in IntcInterrupts_c.obj 
       6] INTCInterruptsHandlerTable (object,global) found in IntcInterrupts_c.obj 
        7] interrupt_handler (func,global) found in IntcInterrupts_c.obj 
        7] BTMR_PIT0_ISR (func,global) found in basetimer_c.obj 
         8] btmr_msec (object,global) found in basetimer_c.obj 
    3] __init_data (func,weak) found in librt_E200z0_VLE_Soft.a D:\w\EPPC\workspace_codegen\ewl\EWL_Runtime\Runtime_PA_CmdLineData\librt_E200z0_VLE_Soft\obj\__start.o
     4] _rom_copy_info (object,global) found in Linker Generated Symbol File 
     4] __copy_rom_section (func,global) found in librt_E200z0_VLE_Soft.a D:\w\EPPC\workspace_codegen\ewl\EWL_Runtime\Runtime_PA_CmdLineData\librt_E200z0_VLE_Soft\obj\__start.o
      5] memcpy (func,global) found in librt_E200z0_VLE_Soft.a D:\w\EPPC\workspace_codegen\ewl\EWL_Runtime\Runtime_PA_CmdLineData\librt_E200z0_VLE_Soft\obj\__mem.o
      5] __flush_cache (func,global) found in __ppc_eabi_init_c.obj 
     4] _bss_init_info (object,global) found in Linker Generated Symbol File 
     4] __init_bss_section (func,global) found in librt_E200z0_VLE_Soft.a D:\w\EPPC\workspace_codegen\ewl\EWL_Runtime\Runtime_PA_CmdLineData\librt_E200z0_VLE_Soft\obj\__start.o
      5] memset (func,global) found in librt_E200z0_VLE_Soft.a D:\w\EPPC\workspace_codegen\ewl\EWL_Runtime\Runtime_PA_CmdLineData\librt_E200z0_VLE_Soft\obj\__mem.o
       6] __fill_mem (func,global) found in librt_E200z0_VLE_Soft.a D:\w\EPPC\workspace_codegen\ewl\EWL_Runtime\Runtime_PA_CmdLineData\librt_E200z0_VLE_Soft\obj\__mem.o
    3] __init_user (func,global) found in __ppc_eabi_init_c.obj 
     4] FlashConfig (func,global) found in __ppc_eabi_init_c.obj 
      5] @23 (object,local) found in __ppc_eabi_init_c.obj 
    3] main (func,global) found in main_c.obj 
     4] InitPeripherals (func,global) found in main_c.obj 
      5] sys_init_fnc (func,global) found in sys_init_c.obj 
       6] intc_init_fnc (func,global) found in intc_init_c.obj 
        7] en_int_fnc (func,global) found in intc_init_c.obj 
       6] rgm_init_fnc (func,global) found in rgm_init_c.obj 
       6] swt_init_fnc (func,global) found in swt_init_c.obj 
       6] msr_init_fnc (func,global) found in msr_init_c.obj 
       6] sysclk_module_init_fnc (func,global) found in sysclk_init_c.obj 
        7] mode_entry_init_fnc (func,global) found in sysclk_init_c.obj 
        7] sysclk_init_fnc (func,global) found in sysclk_init_c.obj 
        7] cmu_init_fnc (func,global) found in sysclk_init_c.obj 
       6] rtc_init_fnc (func,global) found in rtc_init_c.obj 
       6] stm_init_fnc (func,global) found in stm_init_c.obj 
       6] pit_init_fnc (func,global) found in pit_init_c.obj 
       6] flash_init_fnc (func,global) found in flash_init_c.obj 
       6] mpu_init_fnc (func,global) found in mpu_init_c.obj 
       6] edma_init_fnc (func,global) found in edma_init_c.obj 
       6] flexcan_init_fnc (func,global) found in flexcan_init_c.obj 
        7] flexcan_0_init_fnc (func,global) found in flexcan_init_c.obj 
        7] flexcan_1_init_fnc (func,global) found in flexcan_init_c.obj 
        7] flexcan_2_init_fnc (func,global) found in flexcan_init_c.obj 
        7] flexcan_3_init_fnc (func,global) found in flexcan_init_c.obj 
        7] flexcan_4_init_fnc (func,global) found in flexcan_init_c.obj 
        7] flexcan_5_init_fnc (func,global) found in flexcan_init_c.obj 
       6] cansp_init_fnc (func,global) found in cansp_init_c.obj 
       6] adc_init_fnc (func,global) found in adc_init_c.obj 
        7] adc_0_init_fnc (func,global) found in adc_init_c.obj 
         8] adc_0_channel_setup_fnc (func,global) found in adc_init_c.obj 
         8] adc_0_trigger_setup_fnc (func,global) found in adc_init_c.obj 
        7] adc_1_init_fnc (func,global) found in adc_init_c.obj 
         8] adc_1_channel_setup_fnc (func,global) found in adc_init_c.obj 
         8] adc_1_trigger_setup_fnc (func,global) found in adc_init_c.obj 
        7] adc_ctuevent_init_fnc (func,global) found in adc_init_c.obj 
       6] emios_init_fnc (func,global) found in emios_init_c.obj 
        7] emios_0_init_fnc (func,global) found in emios_init_c.obj 
        7] emios_1_init_fnc (func,global) found in emios_init_c.obj 
       6] dspi_init_fnc (func,global) found in dspi_init_c.obj 
        7] dspi0_init_fnc (func,global) found in dspi_init_c.obj 
        7] dspi1_init_fnc (func,global) found in dspi_init_c.obj 
        7] dspi2_init_fnc (func,global) found in dspi_init_c.obj 
        7] dspi3_init_fnc (func,global) found in dspi_init_c.obj 
        7] dspi4_init_fnc (func,global) found in dspi_init_c.obj 
       6] i2c_0_init_fnc (func,global) found in i2c_init_c.obj 
       6] linflex_init_fnc (func,global) found in linflex_init_c.obj 
        7] linflex0_init_fnc (func,global) found in linflex_init_c.obj 
        7] linflex1_init_fnc (func,global) found in linflex_init_c.obj 
        7] linflex2_init_fnc (func,global) found in linflex_init_c.obj 
        7] linflex3_init_fnc (func,global) found in linflex_init_c.obj 
        7] linflex4_init_fnc (func,global) found in linflex_init_c.obj 
        7] linflex5_init_fnc (func,global) found in linflex_init_c.obj 
       6] mode_entry_post_config_fnc (func,global) found in sysclk_init_c.obj 
       6] siu_init_fnc (func,global) found in siu_init_c.obj 
        7] siu_portA_init_fnc (func,global) found in siu_init_c.obj 
        7] siu_portB_init_fnc (func,global) found in siu_init_c.obj 
        7] siu_portC_init_fnc (func,global) found in siu_init_c.obj 
        7] siu_portD_init_fnc (func,global) found in siu_init_c.obj 
        7] siu_portE_init_fnc (func,global) found in siu_init_c.obj 
        7] siu_portF_init_fnc (func,global) found in siu_init_c.obj 
        7] siu_portG_init_fnc (func,global) found in siu_init_c.obj 
        7] siu_portH_init_fnc (func,global) found in siu_init_c.obj 
        7] siu_general_init_fnc (func,global) found in siu_init_c.obj 
        7] siu_parallel_port_init_fnc (func,global) found in siu_init_c.obj 
        7] siu_unused_pins_init_fnc (func,global) found in siu_init_c.obj 
        7] siu_psmi_init_fnc (func,global) found in siu_init_c.obj 
      5] DLED_Init (func,global) found in demoled_c.obj 
       6] DLED_SetAll (func,global) found in demoled_c.obj 
      5] DSW_Init (func,global) found in demoswitch_c.obj 
      5] BTMR_Init (func,global) found in basetimer_c.obj 
      5] EnableExternalInterrupts (func,global) found in rappid_utils_c.obj 
     4] srand (func,global) found in libc_E200z0_VLE_Soft.a D:\w\EPPC\workspace_codegen\ewl\EWL_C\EWL_C.PA_CmdLineData\libc_E200z0_VLE_Soft\obj\rand.o
      5] random_next (object,local) found in libc_E200z0_VLE_Soft.a D:\w\EPPC\workspace_codegen\ewl\EWL_C\EWL_C.PA_CmdLineData\libc_E200z0_VLE_Soft\obj\rand.o
     4] DoMainLoop (func,global) found in main_c.obj 
      5] BTMR_DelayMs (func,global) found in basetimer_c.obj 
       6] BTMR_GetRuntime (func,global) found in basetimer_c.obj 
      5] BTMR_SetTimer0 (func,global) found in basetimer_c.obj 
       6] btmr_tstart0 (object,global) found in basetimer_c.obj 
       6] btmr_tset0 (object,global) found in basetimer_c.obj 
      5] rand (func,global) found in libc_E200z0_VLE_Soft.a D:\w\EPPC\workspace_codegen\ewl\EWL_C\EWL_C.PA_CmdLineData\libc_E200z0_VLE_Soft\obj\rand.o
      5] BTMR_GetTimer0 (func,global) found in basetimer_c.obj 
    3] exit (func,global) found in libc_E200z0_VLE_Soft.a D:\w\EPPC\workspace_codegen\ewl\EWL_C\EWL_C.PA_CmdLineData\libc_E200z0_VLE_Soft\obj\abort_exit.o
    3] >>> UNREFERENCED DUPLICATE exit
    3] >>> (func,weak) found in __ppc_eabi_init_c.obj 
     4] __destroy_global_chain (func,global) found in librt_E200z0_VLE_Soft.a D:\w\EPPC\workspace_codegen\ewl\EWL_Runtime\Runtime_PA_CmdLineData\librt_E200z0_VLE_Soft\obj\global_destructor_chain.o
      5] __global_destructor_chain (object,global) found in librt_E200z0_VLE_Soft.a D:\w\EPPC\workspace_codegen\ewl\EWL_Runtime\Runtime_PA_CmdLineData\librt_E200z0_VLE_Soft\obj\global_destructor_chain.o
     4] __stdio_exit (object,global) found in libc_E200z0_VLE_Soft.a D:\w\EPPC\workspace_codegen\ewl\EWL_C\EWL_C.PA_CmdLineData\libc_E200z0_VLE_Soft\obj\abort_exit.o
     4] __console_exit (object,global) found in libc_E200z0_VLE_Soft.a D:\w\EPPC\workspace_codegen\ewl\EWL_C\EWL_C.PA_CmdLineData\libc_E200z0_VLE_Soft\obj\abort_exit.o
     4] _ExitProcess (func,weak) found in __ppc_eabi_init_c.obj 
     4] __restore_frame_and_exit (func,global) found in librt_E200z0_VLE_Soft.a D:\w\EPPC\workspace_codegen\ewl\EWL_Runtime\Runtime_PA_CmdLineData\librt_E200z0_VLE_Soft\obj\runtime.o
  1] bam_rchw (object,global) found in MPC5606B_init_flash_c.obj 
  1] bam_resetvector (object,global) found in MPC5606B_init_flash_c.obj 
  1] EXCEP_DefaultExceptionHandler (func,global) found in Exceptions_c.obj 
  1] INTC_INTCInterruptHandler (func,global) found in IntcInterrupts_c.obj 
  1] ivor_branch_table_p0 (func,global) found in ivor_branch_table_c.obj 
    3] .init (section,local) found in MPC5606B_init_flash_c.obj 
    3] .init.13 (notype,local) found in MPC5606B_init_flash_c.obj 
    3] .init (section,local) found in MPC5606B_Startup_c.obj 
    3] .init.21 (notype,local) found in MPC5606B_Startup_c.obj 
    3] .text (section,local) found in MPC5606B_HWInit_c.obj 
    3] .text.13 (notype,local) found in MPC5606B_HWInit_c.obj 
    3] .text (section,local) found in sysclk_init_c.obj 
    3] .text.45 (notype,local) found in sysclk_init_c.obj 
    3] .text (section,local) found in sys_init_c.obj 
    3] .text.11 (notype,local) found in sys_init_c.obj 
    3] .text (section,local) found in swt_init_c.obj 
    3] .text.29 (notype,local) found in swt_init_c.obj 
    3] .text (section,local) found in stm_init_c.obj 
    3] .text.9 (notype,local) found in stm_init_c.obj 
    3] .text (section,local) found in siu_init_c.obj 
    3] .text.57 (notype,local) found in siu_init_c.obj 
    3] .text (section,local) found in rtc_init_c.obj 
    3] .text.9 (notype,local) found in rtc_init_c.obj 
    3] .text (section,local) found in rgm_init_c.obj 
    3] .text.9 (notype,local) found in rgm_init_c.obj 
    3] .text (section,local) found in rappid_utils_c.obj 
    3] .text.29 (notype,local) found in rappid_utils_c.obj 
    3] .text (section,local) found in pit_init_c.obj 
    3] .text.9 (notype,local) found in pit_init_c.obj 
    3] .text (section,local) found in msr_init_c.obj 
    3] .text.8 (notype,local) found in msr_init_c.obj 
    3] .text (section,local) found in mpu_init_c.obj 
    3] .text.9 (notype,local) found in mpu_init_c.obj 
    3] .text (section,local) found in main_c.obj 
    3] .text.60 (notype,local) found in main_c.obj 
    3] .text (section,local) found in linflex_init_c.obj 
    3] .text.33 (notype,local) found in linflex_init_c.obj 
    3] .ivor_branch_table (section,local) found in ivor_branch_table_c.obj 
    3] .ivor_branch_table.24 (notype,local) found in ivor_branch_table_c.obj 
    3] .text (section,local) found in intc_init_c.obj 
    3] .text.18 (notype,local) found in intc_init_c.obj 
    3] .text (section,local) found in i2c_init_c.obj 
    3] .text.9 (notype,local) found in i2c_init_c.obj 
    3] .text (section,local) found in flexcan_init_c.obj 
    3] .text.196 (notype,local) found in flexcan_init_c.obj 
    3] .text (section,local) found in flash_init_c.obj 
    3] .text.14 (notype,local) found in flash_init_c.obj 
    3] .text (section,local) found in emios_init_c.obj 
    3] .text.17 (notype,local) found in emios_init_c.obj 
    3] .text (section,local) found in edma_init_c.obj 
    3] .text.9 (notype,local) found in edma_init_c.obj 
    3] .text (section,local) found in dspi_init_c.obj 
    3] .text.29 (notype,local) found in dspi_init_c.obj 
    3] .text (section,local) found in demoswitch_c.obj 
    3] .text.67 (notype,local) found in demoswitch_c.obj 
    3] .text (section,local) found in demoled_c.obj 
    3] .text.47 (notype,local) found in demoled_c.obj 
    3] .text (section,local) found in cansp_init_c.obj 
    3] .text.19 (notype,local) found in cansp_init_c.obj 
    3] .text (section,local) found in basetimer_c.obj 
    3] .text.64 (notype,local) found in basetimer_c.obj 
    3] .text (section,local) found in adc_init_c.obj 
    3] .text.37 (notype,local) found in adc_init_c.obj 
    3] .text (section,local) found in libc_E200z0_VLE_Soft.a D:\w\EPPC\workspace_codegen\ewl\EWL_C\EWL_C.PA_CmdLineData\libc_E200z0_VLE_Soft\obj\abort_exit.o
    3] .text.86 (notype,local) found in libc_E200z0_VLE_Soft.a D:\w\EPPC\workspace_codegen\ewl\EWL_C\EWL_C.PA_CmdLineData\libc_E200z0_VLE_Soft\obj\abort_exit.o
    3] .text (section,local) found in libc_E200z0_VLE_Soft.a D:\w\EPPC\workspace_codegen\ewl\EWL_C\EWL_C.PA_CmdLineData\libc_E200z0_VLE_Soft\obj\rand.o
    3] .text.16 (notype,local) found in libc_E200z0_VLE_Soft.a D:\w\EPPC\workspace_codegen\ewl\EWL_C\EWL_C.PA_CmdLineData\libc_E200z0_VLE_Soft\obj\rand.o
    3] .init (section,local) found in librt_E200z0_VLE_Soft.a D:\w\EPPC\workspace_codegen\ewl\EWL_Runtime\Runtime_PA_CmdLineData\librt_E200z0_VLE_Soft\obj\__start.o
    3] .init.104 (notype,local) found in librt_E200z0_VLE_Soft.a D:\w\EPPC\workspace_codegen\ewl\EWL_Runtime\Runtime_PA_CmdLineData\librt_E200z0_VLE_Soft\obj\__start.o
    3] .text (section,local) found in librt_E200z0_VLE_Soft.a D:\w\EPPC\workspace_codegen\ewl\EWL_Runtime\Runtime_PA_CmdLineData\librt_E200z0_VLE_Soft\obj\global_destructor_chain.o
    3] .text.104 (notype,local) found in librt_E200z0_VLE_Soft.a D:\w\EPPC\workspace_codegen\ewl\EWL_Runtime\Runtime_PA_CmdLineData\librt_E200z0_VLE_Soft\obj\global_destructor_chain.o
    3] .text (section,local) found in librt_E200z0_VLE_Soft.a D:\w\EPPC\workspace_codegen\ewl\EWL_Runtime\Runtime_PA_CmdLineData\librt_E200z0_VLE_Soft\obj\runtime.o
    3] .text.205 (notype,local) found in librt_E200z0_VLE_Soft.a D:\w\EPPC\workspace_codegen\ewl\EWL_Runtime\Runtime_PA_CmdLineData\librt_E200z0_VLE_Soft\obj\runtime.o


.__bam_bootarea section layout
  Starting        Virtual  File
  address  Size   address  offset
  ---------------------------------
  00000000 000008 00000000 000002a0  1 .__bam_bootarea 	MPC5606B_init_flash_c.obj 
  00000000 000004 00000000 000002a0  4 bam_rchw 	MPC5606B_init_flash_c.obj 
  00000004 000004 00000004 000002a4  4 bam_resetvector 	MPC5606B_init_flash_c.obj 


.init section layout
  Starting        Virtual  File
  address  Size   address  offset
  ---------------------------------
  00000000 000088 00000008 000002a8  1 .init 	Linker Generated Symbol File 
  00000000 000078 00000008 000002a8  4 _rom_copy_info 	Linker Generated Symbol File 
  00000078 000010 00000080 00000320  4 _bss_init_info 	Linker Generated Symbol File 


.init_vle section layout
  Starting        Virtual  File
  address  Size   address  offset
  ---------------------------------
  00000000 00002c 00000090 00000330  1 .init 	__ppc_eabi_init_c.obj 
  00000000 00000a 00000090 00000330  2 __init_hardware 	__ppc_eabi_init_c.obj 
  0000000a 000022 0000009a 0000033a  2 __flush_cache 	__ppc_eabi_init_c.obj 
  0000002c 000012 000000bc 0000035c  1 .init 	MPC5606B_init_flash_c.obj 
  0000002c 000012 000000bc 0000035c  2 usr_init 	MPC5606B_init_flash_c.obj 
  0000003e 000000 000000ce 0000036e  1 .init.13 	MPC5606B_init_flash_c.obj 
  0000003e 000002 000000d0 00000370  4 *fill*
  00000040 000004 000000d0 00000370  1 .init 	MPC5606B_Startup_c.obj 
  00000040 000004 000000d0 00000370  4 __startup 	MPC5606B_Startup_c.obj 
  00000044 000000 000000d4 00000374  1 .init.21 	MPC5606B_Startup_c.obj 
  00000044 0000f4 000000d4 00000374  1 .init 	librt_E200z0_VLE_Soft.a D:\w\EPPC\workspace_codegen\ewl\EWL_Runtime\Runtime_PA_CmdLineData\librt_E200z0_VLE_Soft\obj\__start.o
  00000044 000048 000000d4 00000374  2 __start 	librt_E200z0_VLE_Soft.a D:\w\EPPC\workspace_codegen\ewl\EWL_Runtime\Runtime_PA_CmdLineData\librt_E200z0_VLE_Soft\obj\__start.o
  0000008c 000030 0000011c 000003bc  2 __copy_rom_section 	librt_E200z0_VLE_Soft.a D:\w\EPPC\workspace_codegen\ewl\EWL_Runtime\Runtime_PA_CmdLineData\librt_E200z0_VLE_Soft\obj\__start.o
  000000bc 00000e 0000014c 000003ec  2 __init_bss_section 	librt_E200z0_VLE_Soft.a D:\w\EPPC\workspace_codegen\ewl\EWL_Runtime\Runtime_PA_CmdLineData\librt_E200z0_VLE_Soft\obj\__start.o
  000000ca 00001a 0000015a 000003fa  2 __init_registers 	librt_E200z0_VLE_Soft.a D:\w\EPPC\workspace_codegen\ewl\EWL_Runtime\Runtime_PA_CmdLineData\librt_E200z0_VLE_Soft\obj\__start.o
  000000e4 000054 00000174 00000414  2 __init_data 	librt_E200z0_VLE_Soft.a D:\w\EPPC\workspace_codegen\ewl\EWL_Runtime\Runtime_PA_CmdLineData\librt_E200z0_VLE_Soft\obj\__start.o
  00000138 000000 000001c8 00000468  1 .init.104 	librt_E200z0_VLE_Soft.a D:\w\EPPC\workspace_codegen\ewl\EWL_Runtime\Runtime_PA_CmdLineData\librt_E200z0_VLE_Soft\obj\__start.o
  00000138 0000d4 000001c8 00000468  1 .init 	librt_E200z0_VLE_Soft.a D:\w\EPPC\workspace_codegen\ewl\EWL_Runtime\Runtime_PA_CmdLineData\librt_E200z0_VLE_Soft\obj\__mem.o
  00000138 000038 000001c8 00000468  2 memcpy 	librt_E200z0_VLE_Soft.a D:\w\EPPC\workspace_codegen\ewl\EWL_Runtime\Runtime_PA_CmdLineData\librt_E200z0_VLE_Soft\obj\__mem.o
  00000170 000082 00000200 000004a0  2 __fill_mem 	librt_E200z0_VLE_Soft.a D:\w\EPPC\workspace_codegen\ewl\EWL_Runtime\Runtime_PA_CmdLineData\librt_E200z0_VLE_Soft\obj\__mem.o
  000001f2 00001a 00000282 00000522  2 memset 	librt_E200z0_VLE_Soft.a D:\w\EPPC\workspace_codegen\ewl\EWL_Runtime\Runtime_PA_CmdLineData\librt_E200z0_VLE_Soft\obj\__mem.o


.ivor_branch_table section layout
  Starting        Virtual  File
  address  Size   address  offset
  ---------------------------------
  00000000 0000f2 00001000 00000540  1 .ivor_branch_table 	ivor_branch_table_c.obj 
  00000000 0000f2 00001000 00000540 16 ivor_branch_table_p0 	ivor_branch_table_c.obj 
  000000f2 000000 000010f2 00000632  1 .ivor_branch_table.24 	ivor_branch_table_c.obj 


.intc_hw_branch_table section layout
  Starting        Virtual  File
  address  Size   address  offset
  ---------------------------------


.__exception_handlers section layout
  Starting        Virtual  File
  address  Size   address  offset
  ---------------------------------
  00000000 0000b2 00001100 00000640  1 .__exception_handlers 	IntcInterrupts_c.obj 
  00000000 0000b2 00001100 00000640 16 INTC_INTCInterruptHandler 	IntcInterrupts_c.obj 
  000000b2 00000e 000011c0 00000700 16 *fill*
  000000c0 000002 000011c0 00000700  1 .__exception_handlers 	Exceptions_c.obj 
  000000c0 000002 000011c0 00000700 16 EXCEP_DefaultExceptionHandler 	Exceptions_c.obj 


.vects section layout
  Starting        Virtual  File
  address  Size   address  offset
  ---------------------------------
  00000000 0003a4 00002000 00000704  1 .vects 	IntcInterrupts_c.obj 
  00000000 0003a4 00002000 00000704  4 INTCInterruptsHandlerTable 	IntcInterrupts_c.obj 


.text section layout
  Starting        Virtual  File
  address  Size   address  offset
  ---------------------------------


.text_vle section layout
  Starting        Virtual  File
  address  Size   address  offset
  ---------------------------------
  00000000 000052 00003000 00000ab0  1 .text 	__ppc_eabi_init_c.obj 
  00000000 00003e 00003000 00000ab0  2 FlashConfig 	__ppc_eabi_init_c.obj 
  0000003e 000012 0000303e 00000aee  2 __init_user 	__ppc_eabi_init_c.obj 
  00000050 000002 00003050 00000b00  2 _ExitProcess 	__ppc_eabi_init_c.obj 
  00000052 000050 00003052 00000b02  1 .text 	MPC5606B_HWInit_c.obj 
  00000052 000050 00003052 00000b02  2 INIT_Derivative 	MPC5606B_HWInit_c.obj 
  UNUSED   000002 ........ ........    INIT_ExternalBusAndMemory MPC5606B_HWInit_c.obj 
  000000a2 000000 000030a2 00000b52  1 .text.13 	MPC5606B_HWInit_c.obj 
  000000a2 000470 000030a2 00000b52  1 .text 	sysclk_init_c.obj 
  000000a2 00001c 000030a2 00000b52  2 sysclk_module_init_fnc 	sysclk_init_c.obj 
  000000be 00025a 000030be 00000b6e  2 mode_entry_init_fnc 	sysclk_init_c.obj 
  00000318 000110 00003318 00000dc8  2 sysclk_init_fnc 	sysclk_init_c.obj 
  00000428 00002a 00003428 00000ed8  2 cmu_init_fnc 	sysclk_init_c.obj 
  00000452 0000c0 00003452 00000f02  2 mode_entry_post_config_fnc 	sysclk_init_c.obj 
  00000512 000000 00003512 00000fc2  1 .text.45 	sysclk_init_c.obj 
  00000512 000066 00003512 00000fc2  1 .text 	sys_init_c.obj 
  00000512 000066 00003512 00000fc2  2 sys_init_fnc 	sys_init_c.obj 
  00000578 000000 00003578 00001028  1 .text.11 	sys_init_c.obj 
  00000578 0000c8 00003578 00001028  1 .text 	swt_init_c.obj 
  00000578 0000c8 00003578 00001028  2 swt_init_fnc 	swt_init_c.obj 
  UNUSED   000032 ........ ........    swt_srvc_seq_fnc swt_init_c.obj 
  00000640 000000 00003640 000010f0  1 .text.29 	swt_init_c.obj 
  00000640 0000a8 00003640 000010f0  1 .text 	stm_init_c.obj 
  00000640 0000a8 00003640 000010f0  2 stm_init_fnc 	stm_init_c.obj 
  000006e8 000000 000036e8 00001198  1 .text.9 	stm_init_c.obj 
  000006e8 00096a 000036e8 00001198  1 .text 	siu_init_c.obj 
  000006e8 000040 000036e8 00001198  2 siu_init_fnc 	siu_init_c.obj 
  00000728 0000a6 00003728 000011d8  2 siu_portA_init_fnc 	siu_init_c.obj 
  000007ce 00009c 000037ce 0000127e  2 siu_portB_init_fnc 	siu_init_c.obj 
  0000086a 0000aa 0000386a 0000131a  2 siu_portC_init_fnc 	siu_init_c.obj 
  00000914 000098 00003914 000013c4  2 siu_portD_init_fnc 	siu_init_c.obj 
  000009ac 0000b2 000039ac 0000145c  2 siu_portE_init_fnc 	siu_init_c.obj 
  00000a5e 0000a2 00003a5e 0000150e  2 siu_portF_init_fnc 	siu_init_c.obj 
  00000b00 0000aa 00003b00 000015b0  2 siu_portG_init_fnc 	siu_init_c.obj 
  00000baa 00007c 00003baa 0000165a  2 siu_portH_init_fnc 	siu_init_c.obj 
  00000c26 000174 00003c26 000016d6  2 siu_general_init_fnc 	siu_init_c.obj 
  00000d9a 000052 00003d9a 0000184a  2 siu_parallel_port_init_fnc 	siu_init_c.obj 
  00000dec 000002 00003dec 0000189c  2 siu_unused_pins_init_fnc 	siu_init_c.obj 
  00000dee 000264 00003dee 0000189e  2 siu_psmi_init_fnc 	siu_init_c.obj 
  00001052 000000 00004052 00001b02  1 .text.57 	siu_init_c.obj 
  00001052 000030 00004052 00001b02  1 .text 	rtc_init_c.obj 
  00001052 000030 00004052 00001b02  2 rtc_init_fnc 	rtc_init_c.obj 
  00001082 000000 00004082 00001b32  1 .text.9 	rtc_init_c.obj 
  00001082 000044 00004082 00001b32  1 .text 	rgm_init_c.obj 
  00001082 000044 00004082 00001b32  2 rgm_init_fnc 	rgm_init_c.obj 
  000010c6 000000 000040c6 00001b76  1 .text.9 	rgm_init_c.obj 
  000010c6 000006 000040c6 00001b76  1 .text 	rappid_utils_c.obj 
  000010c6 000006 000040c6 00001b76  2 EnableExternalInterrupts 	rappid_utils_c.obj 
  UNUSED   000006 ........ ........    DisableExternalInterrupts rappid_utils_c.obj 
  UNUSED   000016 ........ ........    fs_clearmem rappid_utils_c.obj 
  000010cc 000000 000040cc 00001b7c  1 .text.29 	rappid_utils_c.obj 
  000010cc 000190 000040cc 00001b7c  1 .text 	pit_init_c.obj 
  000010cc 000190 000040cc 00001b7c  2 pit_init_fnc 	pit_init_c.obj 
  0000125c 000000 0000425c 00001d0c  1 .text.9 	pit_init_c.obj 
  0000125c 00001a 0000425c 00001d0c  1 .text 	msr_init_c.obj 
  0000125c 00001a 0000425c 00001d0c  2 msr_init_fnc 	msr_init_c.obj 
  00001276 000000 00004276 00001d26  1 .text.8 	msr_init_c.obj 
  00001276 000010 00004276 00001d26  1 .text 	mpu_init_c.obj 
  00001276 000010 00004276 00001d26  2 mpu_init_fnc 	mpu_init_c.obj 
  00001286 000000 00004286 00001d36  1 .text.9 	mpu_init_c.obj 
  00001286 00011a 00004286 00001d36  1 .text 	main_c.obj 
  00001286 000024 00004286 00001d36  2 InitPeripherals 	main_c.obj 
  000012aa 0000d6 000042aa 00001d5a  2 DoMainLoop 	main_c.obj 
  00001380 000020 00004380 00001e30  2 main 	main_c.obj 
  000013a0 000000 000043a0 00001e50  1 .text.60 	main_c.obj 
  000013a0 000514 000043a0 00001e50  1 .text 	linflex_init_c.obj 
  000013a0 000028 000043a0 00001e50  2 linflex_init_fnc 	linflex_init_c.obj 
  000013c8 000164 000043c8 00001e78  2 linflex0_init_fnc 	linflex_init_c.obj 
  0000152c 0000ca 0000452c 00001fdc  2 linflex1_init_fnc 	linflex_init_c.obj 
  000015f6 0000b6 000045f6 000020a6  2 linflex2_init_fnc 	linflex_init_c.obj 
  000016ac 0000b6 000046ac 0000215c  2 linflex3_init_fnc 	linflex_init_c.obj 
  00001762 00009c 00004762 00002212  2 linflex4_init_fnc 	linflex_init_c.obj 
  000017fe 0000b6 000047fe 000022ae  2 linflex5_init_fnc 	linflex_init_c.obj 
  000018b4 000000 000048b4 00002364  1 .text.33 	linflex_init_c.obj 
  000018b4 000750 000048b4 00002364  1 .text 	intc_init_c.obj 
  000018b4 000746 000048b4 00002364  2 intc_init_fnc 	intc_init_c.obj 
  00001ffa 00000a 00004ffa 00002aaa  2 en_int_fnc 	intc_init_c.obj 
  00002004 000000 00005004 00002ab4  1 .text.18 	intc_init_c.obj 
  00002004 000030 00005004 00002ab4  1 .text 	i2c_init_c.obj 
  00002004 000030 00005004 00002ab4  2 i2c_0_init_fnc 	i2c_init_c.obj 
  00002034 000000 00005034 00002ae4  1 .text.9 	i2c_init_c.obj 
  00002034 000a38 00005034 00002ae4  1 .text 	flexcan_init_c.obj 
  00002034 00005a 00005034 00002ae4  2 flexcan_init_fnc 	flexcan_init_c.obj 
  0000208e 00017e 0000508e 00002b3e  2 flexcan_0_init_fnc 	flexcan_init_c.obj 
  0000220c 0001ba 0000520c 00002cbc  2 flexcan_1_init_fnc 	flexcan_init_c.obj 
  000023c6 0001b8 000053c6 00002e76  2 flexcan_2_init_fnc 	flexcan_init_c.obj 
  0000257e 0001b8 0000557e 0000302e  2 flexcan_3_init_fnc 	flexcan_init_c.obj 
  00002736 00017e 00005736 000031e6  2 flexcan_4_init_fnc 	flexcan_init_c.obj 
  000028b4 0001b8 000058b4 00003364  2 flexcan_5_init_fnc 	flexcan_init_c.obj 
  00002a6c 000000 00005a6c 0000351c  1 .text.196 	flexcan_init_c.obj 
  00002a6c 00003c 00005a6c 0000351c  1 .text 	flash_init_c.obj 
  00002a6c 00003c 00005a6c 0000351c  2 flash_init_fnc 	flash_init_c.obj 
  00002aa8 000000 00005aa8 00003558  1 .text.14 	flash_init_c.obj 
  00002aa8 0007de 00005aa8 00003558  1 .text 	emios_init_c.obj 
  00002aa8 000018 00005aa8 00003558  2 emios_init_fnc 	emios_init_c.obj 
  00002ac0 0003dc 00005ac0 00003570  2 emios_0_init_fnc 	emios_init_c.obj 
  00002e9c 0003ea 00005e9c 0000394c  2 emios_1_init_fnc 	emios_init_c.obj 
  00003286 000000 00006286 00003d36  1 .text.17 	emios_init_c.obj 
  00003286 000160 00006286 00003d36  1 .text 	edma_init_c.obj 
  00003286 000160 00006286 00003d36  2 edma_init_fnc 	edma_init_c.obj 
  000033e6 000000 000063e6 00003e96  1 .text.9 	edma_init_c.obj 
  000033e6 000324 000063e6 00003e96  1 .text 	dspi_init_c.obj 
  000033e6 000024 000063e6 00003e96  2 dspi_init_fnc 	dspi_init_c.obj 
  0000340a 000086 0000640a 00003eba  2 dspi0_init_fnc 	dspi_init_c.obj 
  00003490 0000a8 00006490 00003f40  2 dspi1_init_fnc 	dspi_init_c.obj 
  00003538 0000a6 00006538 00003fe8  2 dspi2_init_fnc 	dspi_init_c.obj 
  000035de 0000a6 000065de 0000408e  2 dspi3_init_fnc 	dspi_init_c.obj 
  00003684 000086 00006684 00004134  2 dspi4_init_fnc 	dspi_init_c.obj 
  0000370a 000000 0000670a 000041ba  1 .text.29 	dspi_init_c.obj 
  0000370a 000002 0000670a 000041ba  1 .text 	demoswitch_c.obj 
  0000370a 000002 0000670a 000041ba  2 DSW_Init 	demoswitch_c.obj 
  UNUSED   00008e ........ ........    DSW_GetTactAll demoswitch_c.obj 
  UNUSED   00008e ........ ........    DSW_GetDipAll demoswitch_c.obj 
  0000370c 000000 0000670c 000041bc  1 .text.67 	demoswitch_c.obj 
  0000370c 0000ea 0000670c 000041bc  1 .text 	demoled_c.obj 
  0000370c 000018 0000670c 000041bc  2 DLED_Init 	demoled_c.obj 
  00003724 0000d2 00006724 000041d4  2 DLED_SetAll 	demoled_c.obj 
  000037f6 000000 000067f6 000042a6  1 .text.47 	demoled_c.obj 
  000037f6 000054 000067f6 000042a6  1 .text 	cansp_init_c.obj 
  000037f6 000054 000067f6 000042a6  2 cansp_init_fnc 	cansp_init_c.obj 
  UNUSED   000010 ........ ........    cansp_trigger_fnc cansp_init_c.obj 
  0000384a 000000 0000684a 000042fa  1 .text.19 	cansp_init_c.obj 
  0000384a 0000b6 0000684a 000042fa  1 .text 	basetimer_c.obj 
  0000384a 000018 0000684a 000042fa  2 BTMR_PIT0_ISR 	basetimer_c.obj 
  00003862 000008 00006862 00004312  2 BTMR_Init 	basetimer_c.obj 
  0000386a 000030 0000686a 0000431a  2 BTMR_DelayMs 	basetimer_c.obj 
  0000389a 000020 0000689a 0000434a  2 BTMR_SetTimer0 	basetimer_c.obj 
  000038ba 000034 000068ba 0000436a  2 BTMR_GetTimer0 	basetimer_c.obj 
  UNUSED   000020 ........ ........    BTMR_SetTimer1 basetimer_c.obj 
  UNUSED   000034 ........ ........    BTMR_GetTimer1 basetimer_c.obj 
  000038ee 000012 000068ee 0000439e  2 BTMR_GetRuntime 	basetimer_c.obj 
  UNUSED   000006 ........ ........    BMTR_SetRuntime basetimer_c.obj 
  00003900 000000 00006900 000043b0  1 .text.64 	basetimer_c.obj 
  00003900 00068a 00006900 000043b0  1 .text 	adc_init_c.obj 
  00003900 00001c 00006900 000043b0  2 adc_init_fnc 	adc_init_c.obj 
  0000391c 0000c0 0000691c 000043cc  2 adc_0_init_fnc 	adc_init_c.obj 
  000039dc 0000be 000069dc 0000448c  2 adc_1_init_fnc 	adc_init_c.obj 
  00003a9a 0002a2 00006a9a 0000454a  2 adc_ctuevent_init_fnc 	adc_init_c.obj 
  00003d3c 000144 00006d3c 000047ec  2 adc_0_channel_setup_fnc 	adc_init_c.obj 
  00003e80 0000c6 00006e80 00004930  2 adc_1_channel_setup_fnc 	adc_init_c.obj 
  00003f46 00001e 00006f46 000049f6  2 adc_0_trigger_setup_fnc 	adc_init_c.obj 
  00003f64 000026 00006f64 00004a14  2 adc_1_trigger_setup_fnc 	adc_init_c.obj 
  00003f8a 000000 00006f8a 00004a3a  1 .text.37 	adc_init_c.obj 
  00003f8a 000020 00006f8a 00004a3a  1 .text 	IntcInterrupts_c.obj 
  UNUSED   00002c ........ ........    INTC_InstallINTCInterruptHandler IntcInterrupts_c.obj 
  00003f8a 00001e 00006f8a 00004a3a  2 INTC_InitINTCInterrupts 	IntcInterrupts_c.obj 
  00003fa8 000002 00006fa8 00004a58  2 interrupt_handler 	IntcInterrupts_c.obj 
  00003faa 00000e 00006faa 00004a5a  1 .text 	Exceptions_c.obj 
  00003faa 00000e 00006faa 00004a5a  2 EXCEP_InitExceptionHandlers 	Exceptions_c.obj 
  00003fb8 000040 00006fb8 00004a68  1 .text 	libc_E200z0_VLE_Soft.a D:\w\EPPC\workspace_codegen\ewl\EWL_C\EWL_C.PA_CmdLineData\libc_E200z0_VLE_Soft\obj\abort_exit.o
  UNUSED   00002c ........ ........    abort libc_E200z0_VLE_Soft.a D:\w\EPPC\workspace_codegen\ewl\EWL_C\EWL_C.PA_CmdLineData\libc_E200z0_VLE_Soft\obj\abort_exit.o
  UNUSED   000004 ........ ........    atexit libc_E200z0_VLE_Soft.a D:\w\EPPC\workspace_codegen\ewl\EWL_C\EWL_C.PA_CmdLineData\libc_E200z0_VLE_Soft\obj\abort_exit.o
  00003fb8 000040 00006fb8 00004a68  2 exit 	libc_E200z0_VLE_Soft.a D:\w\EPPC\workspace_codegen\ewl\EWL_C\EWL_C.PA_CmdLineData\libc_E200z0_VLE_Soft\obj\abort_exit.o
  UNUSED   00002a ........ ........    __atexit libc_E200z0_VLE_Soft.a D:\w\EPPC\workspace_codegen\ewl\EWL_C\EWL_C.PA_CmdLineData\libc_E200z0_VLE_Soft\obj\abort_exit.o
  UNUSED   000056 ........ ........    __exit libc_E200z0_VLE_Soft.a D:\w\EPPC\workspace_codegen\ewl\EWL_C\EWL_C.PA_CmdLineData\libc_E200z0_VLE_Soft\obj\abort_exit.o
  00003ff8 000000 00006ff8 00004aa8  1 .text.86 	libc_E200z0_VLE_Soft.a D:\w\EPPC\workspace_codegen\ewl\EWL_C\EWL_C.PA_CmdLineData\libc_E200z0_VLE_Soft\obj\abort_exit.o
  00003ff8 000022 00006ff8 00004aa8  1 .text 	libc_E200z0_VLE_Soft.a D:\w\EPPC\workspace_codegen\ewl\EWL_C\EWL_C.PA_CmdLineData\libc_E200z0_VLE_Soft\obj\rand.o
  00003ff8 00001c 00006ff8 00004aa8  2 rand 	libc_E200z0_VLE_Soft.a D:\w\EPPC\workspace_codegen\ewl\EWL_C\EWL_C.PA_CmdLineData\libc_E200z0_VLE_Soft\obj\rand.o
  00004014 000006 00007014 00004ac4  2 srand 	libc_E200z0_VLE_Soft.a D:\w\EPPC\workspace_codegen\ewl\EWL_C\EWL_C.PA_CmdLineData\libc_E200z0_VLE_Soft\obj\rand.o
  0000401a 000000 0000701a 00004aca  1 .text.16 	libc_E200z0_VLE_Soft.a D:\w\EPPC\workspace_codegen\ewl\EWL_C\EWL_C.PA_CmdLineData\libc_E200z0_VLE_Soft\obj\rand.o
  0000401a 000032 0000701a 00004aca  1 .text 	librt_E200z0_VLE_Soft.a D:\w\EPPC\workspace_codegen\ewl\EWL_Runtime\Runtime_PA_CmdLineData\librt_E200z0_VLE_Soft\obj\global_destructor_chain.o
  UNUSED   000010 ........ ........    __register_global_object librt_E200z0_VLE_Soft.a D:\w\EPPC\workspace_codegen\ewl\EWL_Runtime\Runtime_PA_CmdLineData\librt_E200z0_VLE_Soft\obj\global_destructor_chain.o
  0000401a 000032 0000701a 00004aca  2 __destroy_global_chain 	librt_E200z0_VLE_Soft.a D:\w\EPPC\workspace_codegen\ewl\EWL_Runtime\Runtime_PA_CmdLineData\librt_E200z0_VLE_Soft\obj\global_destructor_chain.o
  UNUSED   00003a ........ ........    __register_atexit librt_E200z0_VLE_Soft.a D:\w\EPPC\workspace_codegen\ewl\EWL_Runtime\Runtime_PA_CmdLineData\librt_E200z0_VLE_Soft\obj\global_destructor_chain.o
  0000404c 000000 0000704c 00004afc  1 .text.104 	librt_E200z0_VLE_Soft.a D:\w\EPPC\workspace_codegen\ewl\EWL_Runtime\Runtime_PA_CmdLineData\librt_E200z0_VLE_Soft\obj\global_destructor_chain.o
  0000404c 000008 0000704c 00004afc  1 .text 	librt_E200z0_VLE_Soft.a D:\w\EPPC\workspace_codegen\ewl\EWL_Runtime\Runtime_PA_CmdLineData\librt_E200z0_VLE_Soft\obj\runtime.o
  UNUSED   00004a ........ ........    __save_gpr librt_E200z0_VLE_Soft.a D:\w\EPPC\workspace_codegen\ewl\EWL_Runtime\Runtime_PA_CmdLineData\librt_E200z0_VLE_Soft\obj\runtime.o
  UNUSED   000000 ........ ........    _savegpr_14 librt_E200z0_VLE_Soft.a D:\w\EPPC\workspace_codegen\ewl\EWL_Runtime\Runtime_PA_CmdLineData\librt_E200z0_VLE_Soft\obj\runtime.o
  UNUSED   000000 ........ ........    _save32gpr_14 librt_E200z0_VLE_Soft.a D:\w\EPPC\workspace_codegen\ewl\EWL_Runtime\Runtime_PA_CmdLineData\librt_E200z0_VLE_Soft\obj\runtime.o
  UNUSED   000000 ........ ........    _savegpr_15 librt_E200z0_VLE_Soft.a D:\w\EPPC\workspace_codegen\ewl\EWL_Runtime\Runtime_PA_CmdLineData\librt_E200z0_VLE_Soft\obj\runtime.o
  UNUSED   000000 ........ ........    _save32gpr_15 librt_E200z0_VLE_Soft.a D:\w\EPPC\workspace_codegen\ewl\EWL_Runtime\Runtime_PA_CmdLineData\librt_E200z0_VLE_Soft\obj\runtime.o
  UNUSED   000000 ........ ........    _savegpr_16 librt_E200z0_VLE_Soft.a D:\w\EPPC\workspace_codegen\ewl\EWL_Runtime\Runtime_PA_CmdLineData\librt_E200z0_VLE_Soft\obj\runtime.o
  UNUSED   000000 ........ ........    _save32gpr_16 librt_E200z0_VLE_Soft.a D:\w\EPPC\workspace_codegen\ewl\EWL_Runtime\Runtime_PA_CmdLineData\librt_E200z0_VLE_Soft\obj\runtime.o
  UNUSED   000000 ........ ........    _savegpr_17 librt_E200z0_VLE_Soft.a D:\w\EPPC\workspace_codegen\ewl\EWL_Runtime\Runtime_PA_CmdLineData\librt_E200z0_VLE_Soft\obj\runtime.o
  UNUSED   000000 ........ ........    _save32gpr_17 librt_E200z0_VLE_Soft.a D:\w\EPPC\workspace_codegen\ewl\EWL_Runtime\Runtime_PA_CmdLineData\librt_E200z0_VLE_Soft\obj\runtime.o
  UNUSED   000000 ........ ........    _savegpr_18 librt_E200z0_VLE_Soft.a D:\w\EPPC\workspace_codegen\ewl\EWL_Runtime\Runtime_PA_CmdLineData\librt_E200z0_VLE_Soft\obj\runtime.o
  UNUSED   000000 ........ ........    _save32gpr_18 librt_E200z0_VLE_Soft.a D:\w\EPPC\workspace_codegen\ewl\EWL_Runtime\Runtime_PA_CmdLineData\librt_E200z0_VLE_Soft\obj\runtime.o
  UNUSED   000000 ........ ........    _savegpr_19 librt_E200z0_VLE_Soft.a D:\w\EPPC\workspace_codegen\ewl\EWL_Runtime\Runtime_PA_CmdLineData\librt_E200z0_VLE_Soft\obj\runtime.o
  UNUSED   000000 ........ ........    _save32gpr_19 librt_E200z0_VLE_Soft.a D:\w\EPPC\workspace_codegen\ewl\EWL_Runtime\Runtime_PA_CmdLineData\librt_E200z0_VLE_Soft\obj\runtime.o
  UNUSED   000000 ........ ........    _savegpr_20 librt_E200z0_VLE_Soft.a D:\w\EPPC\workspace_codegen\ewl\EWL_Runtime\Runtime_PA_CmdLineData\librt_E200z0_VLE_Soft\obj\runtime.o
  UNUSED   000000 ........ ........    _save32gpr_20 librt_E200z0_VLE_Soft.a D:\w\EPPC\workspace_codegen\ewl\EWL_Runtime\Runtime_PA_CmdLineData\librt_E200z0_VLE_Soft\obj\runtime.o
  UNUSED   000000 ........ ........    _savegpr_21 librt_E200z0_VLE_Soft.a D:\w\EPPC\workspace_codegen\ewl\EWL_Runtime\Runtime_PA_CmdLineData\librt_E200z0_VLE_Soft\obj\runtime.o
  UNUSED   000000 ........ ........    _save32gpr_21 librt_E200z0_VLE_Soft.a D:\w\EPPC\workspace_codegen\ewl\EWL_Runtime\Runtime_PA_CmdLineData\librt_E200z0_VLE_Soft\obj\runtime.o
  UNUSED   000000 ........ ........    _savegpr_22 librt_E200z0_VLE_Soft.a D:\w\EPPC\workspace_codegen\ewl\EWL_Runtime\Runtime_PA_CmdLineData\librt_E200z0_VLE_Soft\obj\runtime.o
  UNUSED   000000 ........ ........    _save32gpr_22 librt_E200z0_VLE_Soft.a D:\w\EPPC\workspace_codegen\ewl\EWL_Runtime\Runtime_PA_CmdLineData\librt_E200z0_VLE_Soft\obj\runtime.o
  UNUSED   000000 ........ ........    _savegpr_23 librt_E200z0_VLE_Soft.a D:\w\EPPC\workspace_codegen\ewl\EWL_Runtime\Runtime_PA_CmdLineData\librt_E200z0_VLE_Soft\obj\runtime.o
  UNUSED   000000 ........ ........    _save32gpr_23 librt_E200z0_VLE_Soft.a D:\w\EPPC\workspace_codegen\ewl\EWL_Runtime\Runtime_PA_CmdLineData\librt_E200z0_VLE_Soft\obj\runtime.o
  UNUSED   000000 ........ ........    _savegpr_24 librt_E200z0_VLE_Soft.a D:\w\EPPC\workspace_codegen\ewl\EWL_Runtime\Runtime_PA_CmdLineData\librt_E200z0_VLE_Soft\obj\runtime.o
  UNUSED   000000 ........ ........    _save32gpr_24 librt_E200z0_VLE_Soft.a D:\w\EPPC\workspace_codegen\ewl\EWL_Runtime\Runtime_PA_CmdLineData\librt_E200z0_VLE_Soft\obj\runtime.o
  UNUSED   000000 ........ ........    _savegpr_25 librt_E200z0_VLE_Soft.a D:\w\EPPC\workspace_codegen\ewl\EWL_Runtime\Runtime_PA_CmdLineData\librt_E200z0_VLE_Soft\obj\runtime.o
  UNUSED   000000 ........ ........    _save32gpr_25 librt_E200z0_VLE_Soft.a D:\w\EPPC\workspace_codegen\ewl\EWL_Runtime\Runtime_PA_CmdLineData\librt_E200z0_VLE_Soft\obj\runtime.o
  UNUSED   000000 ........ ........    _savegpr_26 librt_E200z0_VLE_Soft.a D:\w\EPPC\workspace_codegen\ewl\EWL_Runtime\Runtime_PA_CmdLineData\librt_E200z0_VLE_Soft\obj\runtime.o
  UNUSED   000000 ........ ........    _save32gpr_26 librt_E200z0_VLE_Soft.a D:\w\EPPC\workspace_codegen\ewl\EWL_Runtime\Runtime_PA_CmdLineData\librt_E200z0_VLE_Soft\obj\runtime.o
  UNUSED   000000 ........ ........    _savegpr_27 librt_E200z0_VLE_Soft.a D:\w\EPPC\workspace_codegen\ewl\EWL_Runtime\Runtime_PA_CmdLineData\librt_E200z0_VLE_Soft\obj\runtime.o
  UNUSED   000000 ........ ........    _save32gpr_27 librt_E200z0_VLE_Soft.a D:\w\EPPC\workspace_codegen\ewl\EWL_Runtime\Runtime_PA_CmdLineData\librt_E200z0_VLE_Soft\obj\runtime.o
  UNUSED   000000 ........ ........    _savegpr_28 librt_E200z0_VLE_Soft.a D:\w\EPPC\workspace_codegen\ewl\EWL_Runtime\Runtime_PA_CmdLineData\librt_E200z0_VLE_Soft\obj\runtime.o
  UNUSED   000000 ........ ........    _save32gpr_28 librt_E200z0_VLE_Soft.a D:\w\EPPC\workspace_codegen\ewl\EWL_Runtime\Runtime_PA_CmdLineData\librt_E200z0_VLE_Soft\obj\runtime.o
  UNUSED   000000 ........ ........    _savegpr_29 librt_E200z0_VLE_Soft.a D:\w\EPPC\workspace_codegen\ewl\EWL_Runtime\Runtime_PA_CmdLineData\librt_E200z0_VLE_Soft\obj\runtime.o
  UNUSED   000000 ........ ........    _save32gpr_29 librt_E200z0_VLE_Soft.a D:\w\EPPC\workspace_codegen\ewl\EWL_Runtime\Runtime_PA_CmdLineData\librt_E200z0_VLE_Soft\obj\runtime.o
  UNUSED   000000 ........ ........    _savegpr_30 librt_E200z0_VLE_Soft.a D:\w\EPPC\workspace_codegen\ewl\EWL_Runtime\Runtime_PA_CmdLineData\librt_E200z0_VLE_Soft\obj\runtime.o
  UNUSED   000000 ........ ........    _save32gpr_30 librt_E200z0_VLE_Soft.a D:\w\EPPC\workspace_codegen\ewl\EWL_Runtime\Runtime_PA_CmdLineData\librt_E200z0_VLE_Soft\obj\runtime.o
  UNUSED   000000 ........ ........    _savegpr_31 librt_E200z0_VLE_Soft.a D:\w\EPPC\workspace_codegen\ewl\EWL_Runtime\Runtime_PA_CmdLineData\librt_E200z0_VLE_Soft\obj\runtime.o
  UNUSED   000000 ........ ........    _save32gpr_31 librt_E200z0_VLE_Soft.a D:\w\EPPC\workspace_codegen\ewl\EWL_Runtime\Runtime_PA_CmdLineData\librt_E200z0_VLE_Soft\obj\runtime.o
  UNUSED   00004a ........ ........    __restore_gpr librt_E200z0_VLE_Soft.a D:\w\EPPC\workspace_codegen\ewl\EWL_Runtime\Runtime_PA_CmdLineData\librt_E200z0_VLE_Soft\obj\runtime.o
  UNUSED   000000 ........ ........    _restgpr_14 librt_E200z0_VLE_Soft.a D:\w\EPPC\workspace_codegen\ewl\EWL_Runtime\Runtime_PA_CmdLineData\librt_E200z0_VLE_Soft\obj\runtime.o
  UNUSED   000000 ........ ........    _rest32gpr_14 librt_E200z0_VLE_Soft.a D:\w\EPPC\workspace_codegen\ewl\EWL_Runtime\Runtime_PA_CmdLineData\librt_E200z0_VLE_Soft\obj\runtime.o
  UNUSED   000000 ........ ........    _restgpr_15 librt_E200z0_VLE_Soft.a D:\w\EPPC\workspace_codegen\ewl\EWL_Runtime\Runtime_PA_CmdLineData\librt_E200z0_VLE_Soft\obj\runtime.o
  UNUSED   000000 ........ ........    _rest32gpr_15 librt_E200z0_VLE_Soft.a D:\w\EPPC\workspace_codegen\ewl\EWL_Runtime\Runtime_PA_CmdLineData\librt_E200z0_VLE_Soft\obj\runtime.o
  UNUSED   000000 ........ ........    _restgpr_16 librt_E200z0_VLE_Soft.a D:\w\EPPC\workspace_codegen\ewl\EWL_Runtime\Runtime_PA_CmdLineData\librt_E200z0_VLE_Soft\obj\runtime.o
  UNUSED   000000 ........ ........    _rest32gpr_16 librt_E200z0_VLE_Soft.a D:\w\EPPC\workspace_codegen\ewl\EWL_Runtime\Runtime_PA_CmdLineData\librt_E200z0_VLE_Soft\obj\runtime.o
  UNUSED   000000 ........ ........    _restgpr_17 librt_E200z0_VLE_Soft.a D:\w\EPPC\workspace_codegen\ewl\EWL_Runtime\Runtime_PA_CmdLineData\librt_E200z0_VLE_Soft\obj\runtime.o
  UNUSED   000000 ........ ........    _rest32gpr_17 librt_E200z0_VLE_Soft.a D:\w\EPPC\workspace_codegen\ewl\EWL_Runtime\Runtime_PA_CmdLineData\librt_E200z0_VLE_Soft\obj\runtime.o
  UNUSED   000000 ........ ........    _restgpr_18 librt_E200z0_VLE_Soft.a D:\w\EPPC\workspace_codegen\ewl\EWL_Runtime\Runtime_PA_CmdLineData\librt_E200z0_VLE_Soft\obj\runtime.o
  UNUSED   000000 ........ ........    _rest32gpr_18 librt_E200z0_VLE_Soft.a D:\w\EPPC\workspace_codegen\ewl\EWL_Runtime\Runtime_PA_CmdLineData\librt_E200z0_VLE_Soft\obj\runtime.o
  UNUSED   000000 ........ ........    _restgpr_19 librt_E200z0_VLE_Soft.a D:\w\EPPC\workspace_codegen\ewl\EWL_Runtime\Runtime_PA_CmdLineData\librt_E200z0_VLE_Soft\obj\runtime.o
  UNUSED   000000 ........ ........    _rest32gpr_19 librt_E200z0_VLE_Soft.a D:\w\EPPC\workspace_codegen\ewl\EWL_Runtime\Runtime_PA_CmdLineData\librt_E200z0_VLE_Soft\obj\runtime.o
  UNUSED   000000 ........ ........    _restgpr_20 librt_E200z0_VLE_Soft.a D:\w\EPPC\workspace_codegen\ewl\EWL_Runtime\Runtime_PA_CmdLineData\librt_E200z0_VLE_Soft\obj\runtime.o
  UNUSED   000000 ........ ........    _rest32gpr_20 librt_E200z0_VLE_Soft.a D:\w\EPPC\workspace_codegen\ewl\EWL_Runtime\Runtime_PA_CmdLineData\librt_E200z0_VLE_Soft\obj\runtime.o
  UNUSED   000000 ........ ........    _restgpr_21 librt_E200z0_VLE_Soft.a D:\w\EPPC\workspace_codegen\ewl\EWL_Runtime\Runtime_PA_CmdLineData\librt_E200z0_VLE_Soft\obj\runtime.o
  UNUSED   000000 ........ ........    _rest32gpr_21 librt_E200z0_VLE_Soft.a D:\w\EPPC\workspace_codegen\ewl\EWL_Runtime\Runtime_PA_CmdLineData\librt_E200z0_VLE_Soft\obj\runtime.o
  UNUSED   000000 ........ ........    _restgpr_22 librt_E200z0_VLE_Soft.a D:\w\EPPC\workspace_codegen\ewl\EWL_Runtime\Runtime_PA_CmdLineData\librt_E200z0_VLE_Soft\obj\runtime.o
  UNUSED   000000 ........ ........    _rest32gpr_22 librt_E200z0_VLE_Soft.a D:\w\EPPC\workspace_codegen\ewl\EWL_Runtime\Runtime_PA_CmdLineData\librt_E200z0_VLE_Soft\obj\runtime.o
  UNUSED   000000 ........ ........    _restgpr_23 librt_E200z0_VLE_Soft.a D:\w\EPPC\workspace_codegen\ewl\EWL_Runtime\Runtime_PA_CmdLineData\librt_E200z0_VLE_Soft\obj\runtime.o
  UNUSED   000000 ........ ........    _rest32gpr_23 librt_E200z0_VLE_Soft.a D:\w\EPPC\workspace_codegen\ewl\EWL_Runtime\Runtime_PA_CmdLineData\librt_E200z0_VLE_Soft\obj\runtime.o
  UNUSED   000000 ........ ........    _restgpr_24 librt_E200z0_VLE_Soft.a D:\w\EPPC\workspace_codegen\ewl\EWL_Runtime\Runtime_PA_CmdLineData\librt_E200z0_VLE_Soft\obj\runtime.o
  UNUSED   000000 ........ ........    _rest32gpr_24 librt_E200z0_VLE_Soft.a D:\w\EPPC\workspace_codegen\ewl\EWL_Runtime\Runtime_PA_CmdLineData\librt_E200z0_VLE_Soft\obj\runtime.o
  UNUSED   000000 ........ ........    _restgpr_25 librt_E200z0_VLE_Soft.a D:\w\EPPC\workspace_codegen\ewl\EWL_Runtime\Runtime_PA_CmdLineData\librt_E200z0_VLE_Soft\obj\runtime.o
  UNUSED   000000 ........ ........    _rest32gpr_25 librt_E200z0_VLE_Soft.a D:\w\EPPC\workspace_codegen\ewl\EWL_Runtime\Runtime_PA_CmdLineData\librt_E200z0_VLE_Soft\obj\runtime.o
  UNUSED   000000 ........ ........    _restgpr_26 librt_E200z0_VLE_Soft.a D:\w\EPPC\workspace_codegen\ewl\EWL_Runtime\Runtime_PA_CmdLineData\librt_E200z0_VLE_Soft\obj\runtime.o
  UNUSED   000000 ........ ........    _rest32gpr_26 librt_E200z0_VLE_Soft.a D:\w\EPPC\workspace_codegen\ewl\EWL_Runtime\Runtime_PA_CmdLineData\librt_E200z0_VLE_Soft\obj\runtime.o
  UNUSED   000000 ........ ........    _restgpr_27 librt_E200z0_VLE_Soft.a D:\w\EPPC\workspace_codegen\ewl\EWL_Runtime\Runtime_PA_CmdLineData\librt_E200z0_VLE_Soft\obj\runtime.o
  UNUSED   000000 ........ ........    _rest32gpr_27 librt_E200z0_VLE_Soft.a D:\w\EPPC\workspace_codegen\ewl\EWL_Runtime\Runtime_PA_CmdLineData\librt_E200z0_VLE_Soft\obj\runtime.o
  UNUSED   000000 ........ ........    _restgpr_28 librt_E200z0_VLE_Soft.a D:\w\EPPC\workspace_codegen\ewl\EWL_Runtime\Runtime_PA_CmdLineData\librt_E200z0_VLE_Soft\obj\runtime.o
  UNUSED   000000 ........ ........    _rest32gpr_28 librt_E200z0_VLE_Soft.a D:\w\EPPC\workspace_codegen\ewl\EWL_Runtime\Runtime_PA_CmdLineData\librt_E200z0_VLE_Soft\obj\runtime.o
  UNUSED   000000 ........ ........    _restgpr_29 librt_E200z0_VLE_Soft.a D:\w\EPPC\workspace_codegen\ewl\EWL_Runtime\Runtime_PA_CmdLineData\librt_E200z0_VLE_Soft\obj\runtime.o
  UNUSED   000000 ........ ........    _rest32gpr_29 librt_E200z0_VLE_Soft.a D:\w\EPPC\workspace_codegen\ewl\EWL_Runtime\Runtime_PA_CmdLineData\librt_E200z0_VLE_Soft\obj\runtime.o
  UNUSED   000000 ........ ........    _restgpr_30 librt_E200z0_VLE_Soft.a D:\w\EPPC\workspace_codegen\ewl\EWL_Runtime\Runtime_PA_CmdLineData\librt_E200z0_VLE_Soft\obj\runtime.o
  UNUSED   000000 ........ ........    _rest32gpr_30 librt_E200z0_VLE_Soft.a D:\w\EPPC\workspace_codegen\ewl\EWL_Runtime\Runtime_PA_CmdLineData\librt_E200z0_VLE_Soft\obj\runtime.o
  UNUSED   000000 ........ ........    _restgpr_31 librt_E200z0_VLE_Soft.a D:\w\EPPC\workspace_codegen\ewl\EWL_Runtime\Runtime_PA_CmdLineData\librt_E200z0_VLE_Soft\obj\runtime.o
  UNUSED   000000 ........ ........    _rest32gpr_31 librt_E200z0_VLE_Soft.a D:\w\EPPC\workspace_codegen\ewl\EWL_Runtime\Runtime_PA_CmdLineData\librt_E200z0_VLE_Soft\obj\runtime.o
  0000404c 000008 0000704c 00004afc  2 __restore_frame_and_exit 	librt_E200z0_VLE_Soft.a D:\w\EPPC\workspace_codegen\ewl\EWL_Runtime\Runtime_PA_CmdLineData\librt_E200z0_VLE_Soft\obj\runtime.o
  UNUSED   000000 ........ ........    __finish_restore_frame_and_exit2 librt_E200z0_VLE_Soft.a D:\w\EPPC\workspace_codegen\ewl\EWL_Runtime\Runtime_PA_CmdLineData\librt_E200z0_VLE_Soft\obj\runtime.o
  UNUSED   00000a ........ ........    __restore_gpr_31_exit librt_E200z0_VLE_Soft.a D:\w\EPPC\workspace_codegen\ewl\EWL_Runtime\Runtime_PA_CmdLineData\librt_E200z0_VLE_Soft\obj\runtime.o
  UNUSED   000000 ........ ........    __finish_restore_frame_and_exit librt_E200z0_VLE_Soft.a D:\w\EPPC\workspace_codegen\ewl\EWL_Runtime\Runtime_PA_CmdLineData\librt_E200z0_VLE_Soft\obj\runtime.o
  UNUSED   000008 ........ ........    __restore_gpr_30_exit librt_E200z0_VLE_Soft.a D:\w\EPPC\workspace_codegen\ewl\EWL_Runtime\Runtime_PA_CmdLineData\librt_E200z0_VLE_Soft\obj\runtime.o
  UNUSED   000008 ........ ........    __restore_gpr_29_exit librt_E200z0_VLE_Soft.a D:\w\EPPC\workspace_codegen\ewl\EWL_Runtime\Runtime_PA_CmdLineData\librt_E200z0_VLE_Soft\obj\runtime.o
  UNUSED   000008 ........ ........    __restore_gpr_28_exit librt_E200z0_VLE_Soft.a D:\w\EPPC\workspace_codegen\ewl\EWL_Runtime\Runtime_PA_CmdLineData\librt_E200z0_VLE_Soft\obj\runtime.o
  UNUSED   000008 ........ ........    __restore_gpr_27_exit librt_E200z0_VLE_Soft.a D:\w\EPPC\workspace_codegen\ewl\EWL_Runtime\Runtime_PA_CmdLineData\librt_E200z0_VLE_Soft\obj\runtime.o
  UNUSED   000008 ........ ........    __restore_gpr_26_exit librt_E200z0_VLE_Soft.a D:\w\EPPC\workspace_codegen\ewl\EWL_Runtime\Runtime_PA_CmdLineData\librt_E200z0_VLE_Soft\obj\runtime.o
  UNUSED   00000a ........ ........    __restore_gpr_25_exit librt_E200z0_VLE_Soft.a D:\w\EPPC\workspace_codegen\ewl\EWL_Runtime\Runtime_PA_CmdLineData\librt_E200z0_VLE_Soft\obj\runtime.o
  UNUSED   000008 ........ ........    __restore_gpr_24_exit librt_E200z0_VLE_Soft.a D:\w\EPPC\workspace_codegen\ewl\EWL_Runtime\Runtime_PA_CmdLineData\librt_E200z0_VLE_Soft\obj\runtime.o
  UNUSED   000008 ........ ........    __restore_gpr_23_exit librt_E200z0_VLE_Soft.a D:\w\EPPC\workspace_codegen\ewl\EWL_Runtime\Runtime_PA_CmdLineData\librt_E200z0_VLE_Soft\obj\runtime.o
  UNUSED   000008 ........ ........    __restore_gpr_22_exit librt_E200z0_VLE_Soft.a D:\w\EPPC\workspace_codegen\ewl\EWL_Runtime\Runtime_PA_CmdLineData\librt_E200z0_VLE_Soft\obj\runtime.o
  UNUSED   000008 ........ ........    __restore_gpr_21_exit librt_E200z0_VLE_Soft.a D:\w\EPPC\workspace_codegen\ewl\EWL_Runtime\Runtime_PA_CmdLineData\librt_E200z0_VLE_Soft\obj\runtime.o
  UNUSED   000008 ........ ........    __restore_gpr_20_exit librt_E200z0_VLE_Soft.a D:\w\EPPC\workspace_codegen\ewl\EWL_Runtime\Runtime_PA_CmdLineData\librt_E200z0_VLE_Soft\obj\runtime.o
  UNUSED   000008 ........ ........    __restore_gpr_19_exit librt_E200z0_VLE_Soft.a D:\w\EPPC\workspace_codegen\ewl\EWL_Runtime\Runtime_PA_CmdLineData\librt_E200z0_VLE_Soft\obj\runtime.o
  UNUSED   000008 ........ ........    __restore_gpr_18_exit librt_E200z0_VLE_Soft.a D:\w\EPPC\workspace_codegen\ewl\EWL_Runtime\Runtime_PA_CmdLineData\librt_E200z0_VLE_Soft\obj\runtime.o
  UNUSED   000008 ........ ........    __restore_gpr_17_exit librt_E200z0_VLE_Soft.a D:\w\EPPC\workspace_codegen\ewl\EWL_Runtime\Runtime_PA_CmdLineData\librt_E200z0_VLE_Soft\obj\runtime.o
  UNUSED   000008 ........ ........    __restore_gpr_16_exit librt_E200z0_VLE_Soft.a D:\w\EPPC\workspace_codegen\ewl\EWL_Runtime\Runtime_PA_CmdLineData\librt_E200z0_VLE_Soft\obj\runtime.o
  UNUSED   000008 ........ ........    __restore_gpr_15_exit librt_E200z0_VLE_Soft.a D:\w\EPPC\workspace_codegen\ewl\EWL_Runtime\Runtime_PA_CmdLineData\librt_E200z0_VLE_Soft\obj\runtime.o
  UNUSED   000008 ........ ........    __restore_gpr_14_exit librt_E200z0_VLE_Soft.a D:\w\EPPC\workspace_codegen\ewl\EWL_Runtime\Runtime_PA_CmdLineData\librt_E200z0_VLE_Soft\obj\runtime.o
  UNUSED   00000c ........ ........    __create_frame librt_E200z0_VLE_Soft.a D:\w\EPPC\workspace_codegen\ewl\EWL_Runtime\Runtime_PA_CmdLineData\librt_E200z0_VLE_Soft\obj\runtime.o
  UNUSED   000000 ........ ........    __save_lr librt_E200z0_VLE_Soft.a D:\w\EPPC\workspace_codegen\ewl\EWL_Runtime\Runtime_PA_CmdLineData\librt_E200z0_VLE_Soft\obj\runtime.o
  UNUSED   00000c ........ ........    __create_frame_and_save_gpr_31 librt_E200z0_VLE_Soft.a D:\w\EPPC\workspace_codegen\ewl\EWL_Runtime\Runtime_PA_CmdLineData\librt_E200z0_VLE_Soft\obj\runtime.o
  UNUSED   00000c ........ ........    __create_frame_and_save_gpr_30 librt_E200z0_VLE_Soft.a D:\w\EPPC\workspace_codegen\ewl\EWL_Runtime\Runtime_PA_CmdLineData\librt_E200z0_VLE_Soft\obj\runtime.o
  UNUSED   00000c ........ ........    __create_frame_and_save_gpr_29 librt_E200z0_VLE_Soft.a D:\w\EPPC\workspace_codegen\ewl\EWL_Runtime\Runtime_PA_CmdLineData\librt_E200z0_VLE_Soft\obj\runtime.o
  UNUSED   00000c ........ ........    __create_frame_and_save_gpr_28 librt_E200z0_VLE_Soft.a D:\w\EPPC\workspace_codegen\ewl\EWL_Runtime\Runtime_PA_CmdLineData\librt_E200z0_VLE_Soft\obj\runtime.o
  UNUSED   00000c ........ ........    __create_frame_and_save_gpr_27 librt_E200z0_VLE_Soft.a D:\w\EPPC\workspace_codegen\ewl\EWL_Runtime\Runtime_PA_CmdLineData\librt_E200z0_VLE_Soft\obj\runtime.o
  UNUSED   00000c ........ ........    __create_frame_and_save_gpr_26 librt_E200z0_VLE_Soft.a D:\w\EPPC\workspace_codegen\ewl\EWL_Runtime\Runtime_PA_CmdLineData\librt_E200z0_VLE_Soft\obj\runtime.o
  UNUSED   00000c ........ ........    __create_frame_and_save_gpr_25 librt_E200z0_VLE_Soft.a D:\w\EPPC\workspace_codegen\ewl\EWL_Runtime\Runtime_PA_CmdLineData\librt_E200z0_VLE_Soft\obj\runtime.o
  UNUSED   00000c ........ ........    __create_frame_and_save_gpr_24 librt_E200z0_VLE_Soft.a D:\w\EPPC\workspace_codegen\ewl\EWL_Runtime\Runtime_PA_CmdLineData\librt_E200z0_VLE_Soft\obj\runtime.o
  UNUSED   00000c ........ ........    __create_frame_and_save_gpr_23 librt_E200z0_VLE_Soft.a D:\w\EPPC\workspace_codegen\ewl\EWL_Runtime\Runtime_PA_CmdLineData\librt_E200z0_VLE_Soft\obj\runtime.o
  UNUSED   00000c ........ ........    __create_frame_and_save_gpr_22 librt_E200z0_VLE_Soft.a D:\w\EPPC\workspace_codegen\ewl\EWL_Runtime\Runtime_PA_CmdLineData\librt_E200z0_VLE_Soft\obj\runtime.o
  UNUSED   00000c ........ ........    __create_frame_and_save_gpr_21 librt_E200z0_VLE_Soft.a D:\w\EPPC\workspace_codegen\ewl\EWL_Runtime\Runtime_PA_CmdLineData\librt_E200z0_VLE_Soft\obj\runtime.o
  UNUSED   00000c ........ ........    __create_frame_and_save_gpr_20 librt_E200z0_VLE_Soft.a D:\w\EPPC\workspace_codegen\ewl\EWL_Runtime\Runtime_PA_CmdLineData\librt_E200z0_VLE_Soft\obj\runtime.o
  UNUSED   00000c ........ ........    __create_frame_and_save_gpr_19 librt_E200z0_VLE_Soft.a D:\w\EPPC\workspace_codegen\ewl\EWL_Runtime\Runtime_PA_CmdLineData\librt_E200z0_VLE_Soft\obj\runtime.o
  UNUSED   00000c ........ ........    __create_frame_and_save_gpr_18 librt_E200z0_VLE_Soft.a D:\w\EPPC\workspace_codegen\ewl\EWL_Runtime\Runtime_PA_CmdLineData\librt_E200z0_VLE_Soft\obj\runtime.o
  UNUSED   00000c ........ ........    __create_frame_and_save_gpr_17 librt_E200z0_VLE_Soft.a D:\w\EPPC\workspace_codegen\ewl\EWL_Runtime\Runtime_PA_CmdLineData\librt_E200z0_VLE_Soft\obj\runtime.o
  UNUSED   00000c ........ ........    __create_frame_and_save_gpr_16 librt_E200z0_VLE_Soft.a D:\w\EPPC\workspace_codegen\ewl\EWL_Runtime\Runtime_PA_CmdLineData\librt_E200z0_VLE_Soft\obj\runtime.o
  UNUSED   00000c ........ ........    __create_frame_and_save_gpr_15 librt_E200z0_VLE_Soft.a D:\w\EPPC\workspace_codegen\ewl\EWL_Runtime\Runtime_PA_CmdLineData\librt_E200z0_VLE_Soft\obj\runtime.o
  UNUSED   00000c ........ ........    __create_frame_and_save_gpr_14 librt_E200z0_VLE_Soft.a D:\w\EPPC\workspace_codegen\ewl\EWL_Runtime\Runtime_PA_CmdLineData\librt_E200z0_VLE_Soft\obj\runtime.o
  UNUSED   0000c4 ........ ........    __div2u librt_E200z0_VLE_Soft.a D:\w\EPPC\workspace_codegen\ewl\EWL_Runtime\Runtime_PA_CmdLineData\librt_E200z0_VLE_Soft\obj\runtime.o
  UNUSED   000108 ........ ........    __div2i librt_E200z0_VLE_Soft.a D:\w\EPPC\workspace_codegen\ewl\EWL_Runtime\Runtime_PA_CmdLineData\librt_E200z0_VLE_Soft\obj\runtime.o
  UNUSED   0000ba ........ ........    __mod2u librt_E200z0_VLE_Soft.a D:\w\EPPC\workspace_codegen\ewl\EWL_Runtime\Runtime_PA_CmdLineData\librt_E200z0_VLE_Soft\obj\runtime.o
  UNUSED   0000e2 ........ ........    __mod2i librt_E200z0_VLE_Soft.a D:\w\EPPC\workspace_codegen\ewl\EWL_Runtime\Runtime_PA_CmdLineData\librt_E200z0_VLE_Soft\obj\runtime.o
  UNUSED   00001a ........ ........    __shl2i librt_E200z0_VLE_Soft.a D:\w\EPPC\workspace_codegen\ewl\EWL_Runtime\Runtime_PA_CmdLineData\librt_E200z0_VLE_Soft\obj\runtime.o
  UNUSED   00001a ........ ........    __shr2u librt_E200z0_VLE_Soft.a D:\w\EPPC\workspace_codegen\ewl\EWL_Runtime\Runtime_PA_CmdLineData\librt_E200z0_VLE_Soft\obj\runtime.o
  UNUSED   00001c ........ ........    __shr2i librt_E200z0_VLE_Soft.a D:\w\EPPC\workspace_codegen\ewl\EWL_Runtime\Runtime_PA_CmdLineData\librt_E200z0_VLE_Soft\obj\runtime.o
  00004054 000000 00007054 00004b04  1 .text.205 	librt_E200z0_VLE_Soft.a D:\w\EPPC\workspace_codegen\ewl\EWL_Runtime\Runtime_PA_CmdLineData\librt_E200z0_VLE_Soft\obj\runtime.o


.rodata section layout
  Starting        Virtual  File
  address  Size   address  offset
  ---------------------------------
  00000000 00000c 00007058 00004b08  1 .rodata 	__ppc_eabi_init_c.obj 
  00000000 00000c 00007058 00004b08  4 @23 	__ppc_eabi_init_c.obj 


.ctors section layout
  Starting        Virtual  File
  address  Size   address  offset
  ---------------------------------


.dtors section layout
  Starting        Virtual  File
  address  Size   address  offset
  ---------------------------------


extab section layout
  Starting        Virtual  File
  address  Size   address  offset
  ---------------------------------


extabindex section layout
  Starting        Virtual  File
  address  Size   address  offset
  ---------------------------------


.__uninitialized_intc_handlertable section layout
  Starting        Virtual  File
  address  Size   address  offset
  ---------------------------------


.data section layout
  Starting        Virtual  File
  address  Size   address  offset
  ---------------------------------


.sdata section layout
  Starting        Virtual  File
  address  Size   address  offset
  ---------------------------------
  00000000 000004 40000000 00004b18  1 .sdata 	libc_E200z0_VLE_Soft.a D:\w\EPPC\workspace_codegen\ewl\EWL_C\EWL_C.PA_CmdLineData\libc_E200z0_VLE_Soft\obj\rand.o
  00000000 000004 40000000 00004b18  4 random_next 	libc_E200z0_VLE_Soft.a D:\w\EPPC\workspace_codegen\ewl\EWL_C\EWL_C.PA_CmdLineData\libc_E200z0_VLE_Soft\obj\rand.o


.sbss section layout
  Starting        Virtual  File
  address  Size   address  offset
  ---------------------------------
  00000000 00000c 40000008 00004b20  1 .sbss 	basetimer_c.obj 
  00000000 000004 40000008 00004b20  4 btmr_msec 	basetimer_c.obj 
  UNUSED   000004 ........ ........    btmr_tset1 basetimer_c.obj 
  00000004 000004 4000000c 00004b24  4 btmr_tset0 	basetimer_c.obj 
  UNUSED   000004 ........ ........    btmr_tstart1 basetimer_c.obj 
  00000008 000004 40000010 00004b28  4 btmr_tstart0 	basetimer_c.obj 
  0000000c 000004 40000018 00004b30  8 *fill*
  00000010 000008 40000018 00004b30  1 .sbss 	libc_E200z0_VLE_Soft.a D:\w\EPPC\workspace_codegen\ewl\EWL_C\EWL_C.PA_CmdLineData\libc_E200z0_VLE_Soft\obj\abort_exit.o
  UNUSED   000004 ........ ........    __atexit_curr_func_C libc_E200z0_VLE_Soft.a D:\w\EPPC\workspace_codegen\ewl\EWL_C\EWL_C.PA_CmdLineData\libc_E200z0_VLE_Soft\obj\abort_exit.o
  00000010 000004 40000018 00004b30  4 __stdio_exit 	libc_E200z0_VLE_Soft.a D:\w\EPPC\workspace_codegen\ewl\EWL_C\EWL_C.PA_CmdLineData\libc_E200z0_VLE_Soft\obj\abort_exit.o
  00000014 000004 4000001c 00004b34  4 __console_exit 	libc_E200z0_VLE_Soft.a D:\w\EPPC\workspace_codegen\ewl\EWL_C\EWL_C.PA_CmdLineData\libc_E200z0_VLE_Soft\obj\abort_exit.o
  00000018 000004 40000020 00004b38  1 .sbss 	librt_E200z0_VLE_Soft.a D:\w\EPPC\workspace_codegen\ewl\EWL_Runtime\Runtime_PA_CmdLineData\librt_E200z0_VLE_Soft\obj\global_destructor_chain.o
  UNUSED   000004 ........ ........    atexit_curr_func librt_E200z0_VLE_Soft.a D:\w\EPPC\workspace_codegen\ewl\EWL_Runtime\Runtime_PA_CmdLineData\librt_E200z0_VLE_Soft\obj\global_destructor_chain.o
  00000018 000004 40000020 00004b38  4 __global_destructor_chain 	librt_E200z0_VLE_Soft.a D:\w\EPPC\workspace_codegen\ewl\EWL_Runtime\Runtime_PA_CmdLineData\librt_E200z0_VLE_Soft\obj\global_destructor_chain.o


.sdata2 section layout
  Starting        Virtual  File
  address  Size   address  offset
  ---------------------------------


.sbss2 section layout
  Starting        Virtual  File
  address  Size   address  offset
  ---------------------------------


.bss section layout
  Starting        Virtual  File
  address  Size   address  offset
  ---------------------------------


Memory map:
                       Starting Size     File     ROM      RAM Buffer  S-Record
                       address           Offset   Address  Address     Line
       .__bam_bootarea 00000000 00000008 000002a0 00000000 00000000          2
                 .init 00000008 00000088 000002a8 00000008 00000008          3
             .init_vle 00000090 0000020c 00000330 00000090 00000090         10
    .ivor_branch_table 00001000 000000f4 00000540 00001000 00001000         37
  .intc_hw_branch_table 000010f4 00000000 00000800 000010f4 000010f4          0
  .__exception_handlers 00001100 000000c4 00000640 00001100 00001100         50
                .vects 00002000 000003a4 00000704 00002000 00002000         60
             .text_vle 00003000 00004054 00000ab0 00003000 00003000        107
               .rodata 00007058 0000000c 00004b08 00007058 00007058        931
                .ctors 00007064 00000000 00004b14 00007064 00007064          0
                .dtors 00007064 00000000 00004b14 00007064 00007064          0
                 extab 00007064 00000000 00004b14 00007064 00007064          0
            extabindex 00007064 00000000 00004b14 00007064 00007064          0
                 .data 40000000 00000000 00004b18 00007064 00007064          0
                .sdata 40000000 00000004 00004b18 00007068 00007068        932
                 .sbss 40000008 0000001c 00004b20 00007070 00007070          0
               .sdata2 40000024 00000000 00004b20 00007070 00007070          0
                .sbss2 40000024 00000000 00004b20 00007070 00007070          0
                  .bss 40000024 00000000 00004b20 00007070 00007070          0
      .PPC.EMB.apuinfo 0000dfe4 00000000 00012b10 00015054 00015054          0
         .debug_abbrev          00000129 00004b20
           .debug_info          00003484 00004c49
           .debug_line          000079c3 000080cd
            .debug_loc          0000096d 0000fa90
       .debug_pubnames          00000b8a 000103fd


Linker generated symbols:
       EXCEPTION_HANDLERS 00001000
          L2SRAM_LOCATION 40000000
               L2SRAM_CNT 00000280
        _f___bam_bootarea 00000000
    _f___bam_bootarea_rom 00000000
        _e___bam_bootarea 00000008
                  _f_init 00000008
              _f_init_rom 00000008
                  _e_init 00000090
              _f_init_vle 00000090
          _f_init_vle_rom 00000090
              _e_init_vle 0000029c
     _f_ivor_branch_table 00001000
 _f_ivor_branch_table_rom 00001000
     _e_ivor_branch_table 000010f4
  _f_intc_hw_branch_table 000010f4
_f_intc_hw_branch_table_rom 000010f4
  _e_intc_hw_branch_table 000010f4
  _f___exception_handlers 00001100
_f___exception_handlers_rom 00001100
  _e___exception_handlers 000011c4
                 _f_vects 00002000
             _f_vects_rom 00002000
                 _e_vects 000023a4
                  _f_text 00003000
              _f_text_rom 00003000
                  _e_text 00003000
              _f_text_vle 00003000
          _f_text_vle_rom 00003000
              _e_text_vle 00007054
                _f_rodata 00007058
            _f_rodata_rom 00007058
                _e_rodata 00007064
                 _f_ctors 00007064
             _f_ctors_rom 00007064
                 _e_ctors 00007064
                 _f_dtors 00007064
             _f_dtors_rom 00007064
                 _e_dtors 00007064
                  _fextab 00007064
              _fextab_rom 00007064
                  _eextab 00007064
             _fextabindex 00007064
         _fextabindex_rom 00007064
             _eextabindex 00007064
_f___uninitialized_intc_handlertable 40000000
_f___uninitialized_intc_handlertable_rom 00007064
_e___uninitialized_intc_handlertable 40000000
                  _f_data 40000000
              _f_data_rom 00007064
                  _e_data 40000000
                 _f_sdata 40000000
             _f_sdata_rom 00007068
                 _e_sdata 40000004
                  _f_sbss 40000008
                  _e_sbss 40000024
                _f_sdata2 40000024
            _f_sdata2_rom 00007070
                _e_sdata2 40000024
                 _f_sbss2 40000024
                 _e_sbss2 40000024
                   _f_bss 40000024
                   _e_bss 40000024
              _stack_addr 40014000
               _stack_end 40013000
               _heap_addr 40012000
                _heap_end 40013000
             _nbfunctions 00000067
           SIZEOF_HEADERS 000002a0
               _SDA_BASE_ 40008000
              _SDA2_BASE_ 40008024
           _ABS_SDA_BASE_ 40008000
          _ABS_SDA2_BASE_ 40008024
                 _SP_INIT 40014000
             __HEAP_START 40012000
              __mem_limit 40013000
           __stack_safety 00000010
