Link map of __start
  1] __start (notype,global) found in crt0_s.obj 
   2] _@DummyFn1 (func,local) found in crt0_s.obj 
    3] __SP_INIT found as linker generated symbol
    3] _SDA_BASE_ found as linker generated symbol
    3] _SDA2_BASE_ found as linker generated symbol
    3] romcopy (func,global) found in romcopy_c.obj 
     4] __DATA_RAM found as linker generated symbol
     4] __DATA_ROM found as linker generated symbol
     4] __DATA_END found as linker generated symbol
     4] __BSS_START found as linker generated symbol
     4] __BSS_END found as linker generated symbol
     4] main (func,global) found in main_c.obj 
      5] InitPeripherals (func,global) found in main_c.obj 
       6] sys_init_fnc (func,global) found in sys_init_c.obj 
        7] intc_init_fnc (func,global) found in intc_init_c.obj 
         8] IntcIsrVectorTable (object,global) found in intc_sw_vecttable_c.obj 
          9] interrupt_handler (func,global) found in intc_sw_vecttable_c.obj 
          9] BTMR_PIT0_ISR (func,global) found in basetimer_c.obj 
           10] btmr_msec (object,global) found in basetimer_c.obj 
         8] en_int_fnc (func,global) found in intc_init_c.obj 
        7] IVPRInitialize (notype,global) found in rappid_func_s.obj 
         8] _@DummyFn1 (func,local) found in rappid_func_s.obj 
          9] IVORxHandlers (notype,global) found in excep_handler_s.obj 
           10] _@DummyFn1 (func,local) found in excep_handler_s.obj 
            11] .text_vle (section,local) found in excep_handler_s.obj 
             12] IVOR0Handler (notype,global) found in excep_handler_s.obj 
             12] IVOR1Handler (notype,global) found in excep_handler_s.obj 
             12] IVOR2Handler (notype,global) found in excep_handler_s.obj 
             12] IVOR3Handler (notype,global) found in excep_handler_s.obj 
             12] IVOR5Handler (notype,global) found in excep_handler_s.obj 
             12] IVOR6Handler (notype,global) found in excep_handler_s.obj 
             12] IVOR8Handler (notype,global) found in excep_handler_s.obj 
             12] IVOR15Handler (notype,global) found in excep_handler_s.obj 
             12] default_except_handler (notype,global) found in excep_handler_s.obj 
             12] .text_vle (section,local) found in excep_handler_s.obj 
            11] IVOR4Handler (notype,global) found in sw_handlers_s.obj 
             12] _@DummyFn1 (func,local) found in sw_handlers_s.obj 
             12] .text_vle (section,local) found in sw_handlers_s.obj 
           10] .exec_vect_Vle (section,local) found in excep_handler_s.obj 
         8] .text_vle (section,local) found in rappid_func_s.obj 
        7] rgm_init_fnc (func,global) found in rgm_init_c.obj 
        7] swt_init_fnc (func,global) found in swt_init_c.obj 
        7] msr_init_fnc (func,global) found in msr_init_c.obj 
        7] sysclk_module_init_fnc (func,global) found in sysclk_init_c.obj 
         8] mode_entry_init_fnc (func,global) found in sysclk_init_c.obj 
         8] sysclk_init_fnc (func,global) found in sysclk_init_c.obj 
         8] cmu_init_fnc (func,global) found in sysclk_init_c.obj 
        7] rtc_init_fnc (func,global) found in rtc_init_c.obj 
        7] stm_init_fnc (func,global) found in stm_init_c.obj 
        7] pit_init_fnc (func,global) found in pit_init_c.obj 
        7] flash_init_fnc (func,global) found in flash_init_c.obj 
        7] mpu_init_fnc (func,global) found in mpu_init_c.obj 
        7] edma_init_fnc (func,global) found in edma_init_c.obj 
        7] flexcan_init_fnc (func,global) found in flexcan_init_c.obj 
         8] flexcan_0_init_fnc (func,global) found in flexcan_init_c.obj 
         8] flexcan_1_init_fnc (func,global) found in flexcan_init_c.obj 
         8] flexcan_2_init_fnc (func,global) found in flexcan_init_c.obj 
         8] flexcan_3_init_fnc (func,global) found in flexcan_init_c.obj 
         8] flexcan_4_init_fnc (func,global) found in flexcan_init_c.obj 
         8] flexcan_5_init_fnc (func,global) found in flexcan_init_c.obj 
        7] cansp_init_fnc (func,global) found in cansp_init_c.obj 
        7] adc_init_fnc (func,global) found in adc_init_c.obj 
         8] adc_0_init_fnc (func,global) found in adc_init_c.obj 
          9] adc_0_channel_setup_fnc (func,global) found in adc_init_c.obj 
          9] adc_0_trigger_setup_fnc (func,global) found in adc_init_c.obj 
         8] adc_1_init_fnc (func,global) found in adc_init_c.obj 
          9] adc_1_channel_setup_fnc (func,global) found in adc_init_c.obj 
          9] adc_1_trigger_setup_fnc (func,global) found in adc_init_c.obj 
         8] adc_ctuevent_init_fnc (func,global) found in adc_init_c.obj 
        7] emios_init_fnc (func,global) found in emios_init_c.obj 
         8] emios_0_init_fnc (func,global) found in emios_init_c.obj 
         8] emios_1_init_fnc (func,global) found in emios_init_c.obj 
        7] dspi_init_fnc (func,global) found in dspi_init_c.obj 
         8] dspi0_init_fnc (func,global) found in dspi_init_c.obj 
         8] dspi1_init_fnc (func,global) found in dspi_init_c.obj 
         8] dspi2_init_fnc (func,global) found in dspi_init_c.obj 
         8] dspi3_init_fnc (func,global) found in dspi_init_c.obj 
         8] dspi4_init_fnc (func,global) found in dspi_init_c.obj 
        7] i2c_0_init_fnc (func,global) found in i2c_init_c.obj 
        7] linflex_init_fnc (func,global) found in linflex_init_c.obj 
         8] linflex0_init_fnc (func,global) found in linflex_init_c.obj 
         8] linflex1_init_fnc (func,global) found in linflex_init_c.obj 
         8] linflex2_init_fnc (func,global) found in linflex_init_c.obj 
         8] linflex3_init_fnc (func,global) found in linflex_init_c.obj 
         8] linflex4_init_fnc (func,global) found in linflex_init_c.obj 
         8] linflex5_init_fnc (func,global) found in linflex_init_c.obj 
        7] mode_entry_post_config_fnc (func,global) found in sysclk_init_c.obj 
        7] siu_init_fnc (func,global) found in siu_init_c.obj 
         8] siu_portA_init_fnc (func,global) found in siu_init_c.obj 
         8] siu_portB_init_fnc (func,global) found in siu_init_c.obj 
         8] siu_portC_init_fnc (func,global) found in siu_init_c.obj 
         8] siu_portD_init_fnc (func,global) found in siu_init_c.obj 
         8] siu_portE_init_fnc (func,global) found in siu_init_c.obj 
         8] siu_portF_init_fnc (func,global) found in siu_init_c.obj 
         8] siu_portG_init_fnc (func,global) found in siu_init_c.obj 
         8] siu_portH_init_fnc (func,global) found in siu_init_c.obj 
         8] siu_general_init_fnc (func,global) found in siu_init_c.obj 
         8] siu_parallel_port_init_fnc (func,global) found in siu_init_c.obj 
         8] siu_unused_pins_init_fnc (func,global) found in siu_init_c.obj 
         8] siu_psmi_init_fnc (func,global) found in siu_init_c.obj 
       6] DLED_Init (func,global) found in demoled_c.obj 
        7] DLED_SetAll (func,global) found in demoled_c.obj 
       6] DSW_Init (func,global) found in demoswitch_c.obj 
       6] BTMR_Init (func,global) found in basetimer_c.obj 
       6] EnableExternalInterrupts (func,global) found in rappid_utils_c.obj 
      5] flag (object,global) found in main_c.obj 
      5] BTMR_SetTimer0 (func,global) found in basetimer_c.obj 
       6] BTMR_GetRuntime (func,global) found in basetimer_c.obj 
       6] btmr_tstart0 (object,global) found in basetimer_c.obj 
       6] btmr_tset0 (object,global) found in basetimer_c.obj 
      5] BTMR_GetTimer0 (func,global) found in basetimer_c.obj 
      5] BTMR_DelayMs (func,global) found in basetimer_c.obj 
   2] .text_vle (section,local) found in crt0_s.obj 
  1] bam_rchw (object,global) found in rchw_init_c.obj 
  1] bam_resetvector (object,global) found in rchw_init_c.obj 
    3] .text (section,local) found in sysclk_init_c.obj 
    3] .text.49 (notype,local) found in sysclk_init_c.obj 
    3] .text (section,local) found in sys_init_c.obj 
    3] .text.11 (notype,local) found in sys_init_c.obj 
    3] .text (section,local) found in swt_init_c.obj 
    3] .text.30 (notype,local) found in swt_init_c.obj 
    3] .text (section,local) found in stm_init_c.obj 
    3] .text.9 (notype,local) found in stm_init_c.obj 
    3] .text (section,local) found in siu_init_c.obj 
    3] .text.57 (notype,local) found in siu_init_c.obj 
    3] .text (section,local) found in rtc_init_c.obj 
    3] .text.9 (notype,local) found in rtc_init_c.obj 
    3] .text (section,local) found in romcopy_c.obj 
    3] .text.70 (notype,local) found in romcopy_c.obj 
    3] .text (section,local) found in rgm_init_c.obj 
    3] .text.9 (notype,local) found in rgm_init_c.obj 
    3] .text (section,local) found in rappid_utils_c.obj 
    3] .text.30 (notype,local) found in rappid_utils_c.obj 
    3] .text (section,local) found in pit_init_c.obj 
    3] .text.9 (notype,local) found in pit_init_c.obj 
    3] .text (section,local) found in msr_init_c.obj 
    3] .text.8 (notype,local) found in msr_init_c.obj 
    3] .text (section,local) found in mpu_init_c.obj 
    3] .text.9 (notype,local) found in mpu_init_c.obj 
    3] .text (section,local) found in main_c.obj 
    3] .text.72 (notype,local) found in main_c.obj 
    3] .text (section,local) found in linflex_init_c.obj 
    3] .text.33 (notype,local) found in linflex_init_c.obj 
    3] .text (section,local) found in intc_sw_vecttable_c.obj 
    3] .text.14 (notype,local) found in intc_sw_vecttable_c.obj 
    3] .text (section,local) found in intc_init_c.obj 
    3] .text.19 (notype,local) found in intc_init_c.obj 
    3] .text (section,local) found in i2c_init_c.obj 
    3] .text.9 (notype,local) found in i2c_init_c.obj 
    3] .text (section,local) found in flexcan_init_c.obj 
    3] .text.310 (notype,local) found in flexcan_init_c.obj 
    3] .text (section,local) found in flash_init_c.obj 
    3] .text.15 (notype,local) found in flash_init_c.obj 
    3] .text (section,local) found in emios_init_c.obj 
    3] .text.17 (notype,local) found in emios_init_c.obj 
    3] .text (section,local) found in edma_init_c.obj 
    3] .text.9 (notype,local) found in edma_init_c.obj 
    3] .text (section,local) found in dspi_init_c.obj 
    3] .text.29 (notype,local) found in dspi_init_c.obj 
    3] .text (section,local) found in demoswitch_c.obj 
    3] .text.67 (notype,local) found in demoswitch_c.obj 
    3] .text (section,local) found in demoled_c.obj 
    3] .text.47 (notype,local) found in demoled_c.obj 
    3] .text (section,local) found in cansp_init_c.obj 
    3] .text.29 (notype,local) found in cansp_init_c.obj 
    3] .text (section,local) found in basetimer_c.obj 
    3] .text.76 (notype,local) found in basetimer_c.obj 
    3] .text (section,local) found in adc_init_c.obj 
    3] .text.37 (notype,local) found in adc_init_c.obj 


.__bam_bootarea section layout
  Starting        Virtual  File
  address  Size   address  offset
  ---------------------------------
  00000000 000008 00000000 00000160  1 .__bam_bootarea 	rchw_init_c.obj 
  00000000 000004 00000000 00000160  4 bam_rchw 	rchw_init_c.obj 
  00000004 000004 00000004 00000164  4 bam_resetvector 	rchw_init_c.obj 


.init section layout
  Starting        Virtual  File
  address  Size   address  offset
  ---------------------------------


.init_vle section layout
  Starting        Virtual  File
  address  Size   address  offset
  ---------------------------------


.exec_vect section layout
  Starting        Virtual  File
  address  Size   address  offset
  ---------------------------------


.exec_vect_Vle section layout
  Starting        Virtual  File
  address  Size   address  offset
  ---------------------------------
  00000000 0000f4 00001000 00000170  1 .exec_vect_Vle 	excep_handler_s.obj 
  00000000 0000f4 00001000 00000170  4 _@DummyFn1 	excep_handler_s.obj 
  00000000 000000 00001000 00000170    IVORxHandlers (entry of .exec_vect_Vle) 	excep_handler_s.obj 


.vects section layout
  Starting        Virtual  File
  address  Size   address  offset
  ---------------------------------
  00000000 0003a8 00002000 00000268  1 .vects 	intc_sw_vecttable_c.obj 
  00000000 0003a8 00002000 00000268  8 IntcIsrVectorTable 	intc_sw_vecttable_c.obj 


.text section layout
  Starting        Virtual  File
  address  Size   address  offset
  ---------------------------------


.text_vle section layout
  Starting        Virtual  File
  address  Size   address  offset
  ---------------------------------
  00000000 0000c0 00003000 00000610  1 .text_vle 	sw_handlers_s.obj 
  00000000 0000c0 00003000 00000610  4 _@DummyFn1 	sw_handlers_s.obj 
  00000000 000000 00003000 00000610    IVOR4Handler (entry of .text_vle) 	sw_handlers_s.obj 
  000000c0 00000e 000030c0 000006d0  1 .text_vle 	rappid_func_s.obj 
  000000c0 00000e 000030c0 000006d0  4 _@DummyFn1 	rappid_func_s.obj 
  000000c0 000000 000030c0 000006d0    IVPRInitialize (entry of .text_vle) 	rappid_func_s.obj 
  000000ce 000002 000030d0 000006e0  4 *fill*
  000000d0 000050 000030d0 000006e0  1 .text_vle 	excep_handler_s.obj 
  000000d0 000000 000030d0 000006e0    IVOR0Handler (entry of .text_vle) 	excep_handler_s.obj 
  000000da 000000 000030da 000006ea    IVOR1Handler (entry of .text_vle) 	excep_handler_s.obj 
  000000e4 000000 000030e4 000006f4    IVOR2Handler (entry of .text_vle) 	excep_handler_s.obj 
  000000ee 000000 000030ee 000006fe    IVOR3Handler (entry of .text_vle) 	excep_handler_s.obj 
  000000f8 000000 000030f8 00000708    IVOR5Handler (entry of .text_vle) 	excep_handler_s.obj 
  00000102 000000 00003102 00000712    IVOR6Handler (entry of .text_vle) 	excep_handler_s.obj 
  0000010c 000000 0000310c 0000071c    IVOR8Handler (entry of .text_vle) 	excep_handler_s.obj 
  00000116 000000 00003116 00000726    IVOR15Handler (entry of .text_vle) 	excep_handler_s.obj 
  00000120 000000 00003120 00000730    default_except_handler (entry of .text_vle) 	excep_handler_s.obj 
  00000120 000054 00003120 00000730  1 .text_vle 	crt0_s.obj 
  00000120 000054 00003120 00000730  4 _@DummyFn1 	crt0_s.obj 
  00000120 000000 00003120 00000730    __start (entry of .text_vle) 	crt0_s.obj 
  00000174 000280 00003174 00000784  1 .text 	sysclk_init_c.obj 
  00000174 00001c 00003174 00000784  2 sysclk_module_init_fnc 	sysclk_init_c.obj 
  00000190 000114 00003190 000007a0  2 mode_entry_init_fnc 	sysclk_init_c.obj 
  000002a4 0000bc 000032a4 000008b4  2 sysclk_init_fnc 	sysclk_init_c.obj 
  00000360 00001c 00003360 00000970  2 cmu_init_fnc 	sysclk_init_c.obj 
  0000037c 000078 0000337c 0000098c  2 mode_entry_post_config_fnc 	sysclk_init_c.obj 
  000003f4 000000 000033f4 00000a04  1 .text.49 	sysclk_init_c.obj 
  000003f4 000064 000033f4 00000a04  1 .text 	sys_init_c.obj 
  000003f4 000064 000033f4 00000a04  2 sys_init_fnc 	sys_init_c.obj 
  00000458 000000 00003458 00000a68  1 .text.11 	sys_init_c.obj 
  00000458 0000a4 00003458 00000a68  1 .text 	swt_init_c.obj 
  00000458 0000a4 00003458 00000a68  2 swt_init_fnc 	swt_init_c.obj 
  UNUSED   00002a ........ ........    swt_srvc_seq_fnc swt_init_c.obj 
  000004fc 000000 000034fc 00000b0c  1 .text.30 	swt_init_c.obj 
  000004fc 00006c 000034fc 00000b0c  1 .text 	stm_init_c.obj 
  000004fc 00006c 000034fc 00000b0c  2 stm_init_fnc 	stm_init_c.obj 
  00000568 000000 00003568 00000b78  1 .text.9 	stm_init_c.obj 
  00000568 00046a 00003568 00000b78  1 .text 	siu_init_c.obj 
  00000568 000040 00003568 00000b78  2 siu_init_fnc 	siu_init_c.obj 
  000005a8 000050 000035a8 00000bb8  2 siu_portA_init_fnc 	siu_init_c.obj 
  000005f8 000050 000035f8 00000c08  2 siu_portB_init_fnc 	siu_init_c.obj 
  00000648 000058 00003648 00000c58  2 siu_portC_init_fnc 	siu_init_c.obj 
  000006a0 000046 000036a0 00000cb0  2 siu_portD_init_fnc 	siu_init_c.obj 
  000006e6 000050 000036e6 00000cf6  2 siu_portE_init_fnc 	siu_init_c.obj 
  00000736 000048 00003736 00000d46  2 siu_portF_init_fnc 	siu_init_c.obj 
  0000077e 00004c 0000377e 00000d8e  2 siu_portG_init_fnc 	siu_init_c.obj 
  000007ca 000040 000037ca 00000dda  2 siu_portH_init_fnc 	siu_init_c.obj 
  0000080a 00009c 0000380a 00000e1a  2 siu_general_init_fnc 	siu_init_c.obj 
  000008a6 000028 000038a6 00000eb6  2 siu_parallel_port_init_fnc 	siu_init_c.obj 
  000008ce 000002 000038ce 00000ede  2 siu_unused_pins_init_fnc 	siu_init_c.obj 
  000008d0 000102 000038d0 00000ee0  2 siu_psmi_init_fnc 	siu_init_c.obj 
  000009d2 000000 000039d2 00000fe2  1 .text.57 	siu_init_c.obj 
  000009d2 000024 000039d2 00000fe2  1 .text 	rtc_init_c.obj 
  000009d2 000024 000039d2 00000fe2  2 rtc_init_fnc 	rtc_init_c.obj 
  000009f6 000000 000039f6 00001006  1 .text.9 	rtc_init_c.obj 
  000009f6 00012e 000039f6 00001006  1 .text 	romcopy_c.obj 
  000009f6 00012e 000039f6 00001006  2 romcopy 	romcopy_c.obj 
  00000b24 000000 00003b24 00001134  1 .text.70 	romcopy_c.obj 
  00000b24 000028 00003b24 00001134  1 .text 	rgm_init_c.obj 
  00000b24 000028 00003b24 00001134  2 rgm_init_fnc 	rgm_init_c.obj 
  00000b4c 000000 00003b4c 0000115c  1 .text.9 	rgm_init_c.obj 
  00000b4c 000006 00003b4c 0000115c  1 .text 	rappid_utils_c.obj 
  00000b4c 000006 00003b4c 0000115c  2 EnableExternalInterrupts 	rappid_utils_c.obj 
  UNUSED   000006 ........ ........    DisableExternalInterrupts rappid_utils_c.obj 
  UNUSED   000052 ........ ........    fs_clearmem rappid_utils_c.obj 
  00000b52 000000 00003b52 00001162  1 .text.30 	rappid_utils_c.obj 
  00000b52 0000fe 00003b52 00001162  1 .text 	pit_init_c.obj 
  00000b52 0000fe 00003b52 00001162  2 pit_init_fnc 	pit_init_c.obj 
  00000c50 000000 00003c50 00001260  1 .text.9 	pit_init_c.obj 
  00000c50 00001a 00003c50 00001260  1 .text 	msr_init_c.obj 
  00000c50 00001a 00003c50 00001260  2 msr_init_fnc 	msr_init_c.obj 
  00000c6a 000000 00003c6a 0000127a  1 .text.8 	msr_init_c.obj 
  00000c6a 000010 00003c6a 0000127a  1 .text 	mpu_init_c.obj 
  00000c6a 000010 00003c6a 0000127a  2 mpu_init_fnc 	mpu_init_c.obj 
  00000c7a 000000 00003c7a 0000128a  1 .text.9 	mpu_init_c.obj 
  00000c7a 0000d6 00003c7a 0000128a  1 .text 	main_c.obj 
  00000c7a 000024 00003c7a 0000128a  2 InitPeripherals 	main_c.obj 
  00000c9e 0000b2 00003c9e 000012ae  2 main 	main_c.obj 
  00000d50 000000 00003d50 00001360  1 .text.72 	main_c.obj 
  00000d50 000320 00003d50 00001360  1 .text 	linflex_init_c.obj 
  00000d50 000028 00003d50 00001360  2 linflex_init_fnc 	linflex_init_c.obj 
  00000d78 0000b4 00003d78 00001388  2 linflex0_init_fnc 	linflex_init_c.obj 
  00000e2c 000080 00003e2c 0000143c  2 linflex1_init_fnc 	linflex_init_c.obj 
  00000eac 000078 00003eac 000014bc  2 linflex2_init_fnc 	linflex_init_c.obj 
  00000f24 000078 00003f24 00001534  2 linflex3_init_fnc 	linflex_init_c.obj 
  00000f9c 00005c 00003f9c 000015ac  2 linflex4_init_fnc 	linflex_init_c.obj 
  00000ff8 000078 00003ff8 00001608  2 linflex5_init_fnc 	linflex_init_c.obj 
  00001070 000000 00004070 00001680  1 .text.33 	linflex_init_c.obj 
  00001070 000002 00004070 00001680  1 .text 	intc_sw_vecttable_c.obj 
  00001070 000002 00004070 00001680  2 interrupt_handler 	intc_sw_vecttable_c.obj 
  00001072 000000 00004072 00001682  1 .text.14 	intc_sw_vecttable_c.obj 
  00001072 00030e 00004072 00001682  1 .text 	intc_init_c.obj 
  00001072 0002fa 00004072 00001682  2 intc_init_fnc 	intc_init_c.obj 
  0000136c 000014 0000436c 0000197c  2 en_int_fnc 	intc_init_c.obj 
  00001380 000000 00004380 00001990  1 .text.19 	intc_init_c.obj 
  00001380 00001c 00004380 00001990  1 .text 	i2c_init_c.obj 
  00001380 00001c 00004380 00001990  2 i2c_0_init_fnc 	i2c_init_c.obj 
  0000139c 000000 0000439c 000019ac  1 .text.9 	i2c_init_c.obj 
  0000139c 000966 0000439c 000019ac  1 .text 	flexcan_init_c.obj 
  0000139c 000062 0000439c 000019ac  2 flexcan_init_fnc 	flexcan_init_c.obj 
  000013fe 00015a 000043fe 00001a0e  2 flexcan_0_init_fnc 	flexcan_init_c.obj 
  00001558 000194 00004558 00001b68  2 flexcan_1_init_fnc 	flexcan_init_c.obj 
  000016ec 000194 000046ec 00001cfc  2 flexcan_2_init_fnc 	flexcan_init_c.obj 
  00001880 000194 00004880 00001e90  2 flexcan_3_init_fnc 	flexcan_init_c.obj 
  00001a14 00015a 00004a14 00002024  2 flexcan_4_init_fnc 	flexcan_init_c.obj 
  00001b6e 000194 00004b6e 0000217e  2 flexcan_5_init_fnc 	flexcan_init_c.obj 
  00001d02 000000 00004d02 00002312  1 .text.310 	flexcan_init_c.obj 
  00001d02 000030 00004d02 00002312  1 .text 	flash_init_c.obj 
  00001d02 000030 00004d02 00002312  2 flash_init_fnc 	flash_init_c.obj 
  00001d32 000000 00004d32 00002342  1 .text.15 	flash_init_c.obj 
  00001d32 00033a 00004d32 00002342  1 .text 	emios_init_c.obj 
  00001d32 000018 00004d32 00002342  2 emios_init_fnc 	emios_init_c.obj 
  00001d4a 00018a 00004d4a 0000235a  2 emios_0_init_fnc 	emios_init_c.obj 
  00001ed4 000198 00004ed4 000024e4  2 emios_1_init_fnc 	emios_init_c.obj 
  0000206c 000000 0000506c 0000267c  1 .text.17 	emios_init_c.obj 
  0000206c 0000b6 0000506c 0000267c  1 .text 	edma_init_c.obj 
  0000206c 0000b6 0000506c 0000267c  2 edma_init_fnc 	edma_init_c.obj 
  00002122 000000 00005122 00002732  1 .text.9 	edma_init_c.obj 
  00002122 0001be 00005122 00002732  1 .text 	dspi_init_c.obj 
  00002122 000024 00005122 00002732  2 dspi_init_fnc 	dspi_init_c.obj 
  00002146 00003e 00005146 00002756  2 dspi0_init_fnc 	dspi_init_c.obj 
  00002184 000062 00005184 00002794  2 dspi1_init_fnc 	dspi_init_c.obj 
  000021e6 00005e 000051e6 000027f6  2 dspi2_init_fnc 	dspi_init_c.obj 
  00002244 00005e 00005244 00002854  2 dspi3_init_fnc 	dspi_init_c.obj 
  000022a2 00003e 000052a2 000028b2  2 dspi4_init_fnc 	dspi_init_c.obj 
  000022e0 000000 000052e0 000028f0  1 .text.29 	dspi_init_c.obj 
  000022e0 000002 000052e0 000028f0  1 .text 	demoswitch_c.obj 
  000022e0 000002 000052e0 000028f0  2 DSW_Init 	demoswitch_c.obj 
  UNUSED   000074 ........ ........    DSW_GetTactAll demoswitch_c.obj 
  UNUSED   000074 ........ ........    DSW_GetDipAll demoswitch_c.obj 
  000022e2 000000 000052e2 000028f2  1 .text.67 	demoswitch_c.obj 
  000022e2 00009c 000052e2 000028f2  1 .text 	demoled_c.obj 
  000022e2 000006 000052e2 000028f2  2 DLED_Init 	demoled_c.obj 
  000022e8 000096 000052e8 000028f8  2 DLED_SetAll 	demoled_c.obj 
  0000237e 000000 0000537e 0000298e  1 .text.47 	demoled_c.obj 
  0000237e 000080 0000537e 0000298e  1 .text 	cansp_init_c.obj 
  0000237e 000080 0000537e 0000298e  2 cansp_init_fnc 	cansp_init_c.obj 
  UNUSED   000010 ........ ........    cansp_trigger_fnc cansp_init_c.obj 
  000023fe 000000 000053fe 00002a0e  1 .text.29 	cansp_init_c.obj 
  000023fe 0000fa 000053fe 00002a0e  1 .text 	basetimer_c.obj 
  000023fe 00006e 000053fe 00002a0e  2 BTMR_PIT0_ISR 	basetimer_c.obj 
  0000246c 000008 0000546c 00002a7c  2 BTMR_Init 	basetimer_c.obj 
  00002474 000030 00005474 00002a84  2 BTMR_DelayMs 	basetimer_c.obj 
  000024a4 000022 000054a4 00002ab4  2 BTMR_SetTimer0 	basetimer_c.obj 
  000024c6 00002c 000054c6 00002ad6  2 BTMR_GetTimer0 	basetimer_c.obj 
  UNUSED   000022 ........ ........    BTMR_SetTimer1 basetimer_c.obj 
  UNUSED   00002c ........ ........    BTMR_GetTimer1 basetimer_c.obj 
  000024f2 000006 000054f2 00002b02  2 BTMR_GetRuntime 	basetimer_c.obj 
  UNUSED   000006 ........ ........    BMTR_SetRuntime basetimer_c.obj 
  000024f8 000000 000054f8 00002b08  1 .text.76 	basetimer_c.obj 
  000024f8 000348 000054f8 00002b08  1 .text 	adc_init_c.obj 
  000024f8 00001c 000054f8 00002b08  2 adc_init_fnc 	adc_init_c.obj 
  00002514 000076 00005514 00002b24  2 adc_0_init_fnc 	adc_init_c.obj 
  0000258a 000082 0000558a 00002b9a  2 adc_1_init_fnc 	adc_init_c.obj 
  0000260c 000120 0000560c 00002c1c  2 adc_ctuevent_init_fnc 	adc_init_c.obj 
  0000272c 000084 0000572c 00002d3c  2 adc_0_channel_setup_fnc 	adc_init_c.obj 
  000027b0 000058 000057b0 00002dc0  2 adc_1_channel_setup_fnc 	adc_init_c.obj 
  00002808 000018 00005808 00002e18  2 adc_0_trigger_setup_fnc 	adc_init_c.obj 
  00002820 000020 00005820 00002e30  2 adc_1_trigger_setup_fnc 	adc_init_c.obj 
  00002840 000000 00005840 00002e50  1 .text.37 	adc_init_c.obj 


.rodata section layout
  Starting        Virtual  File
  address  Size   address  offset
  ---------------------------------


.ctors section layout
  Starting        Virtual  File
  address  Size   address  offset
  ---------------------------------


.dtors section layout
  Starting        Virtual  File
  address  Size   address  offset
  ---------------------------------


.sdata2 section layout
  Starting        Virtual  File
  address  Size   address  offset
  ---------------------------------


.sbss2 section layout
  Starting        Virtual  File
  address  Size   address  offset
  ---------------------------------


.data section layout
  Starting        Virtual  File
  address  Size   address  offset
  ---------------------------------


.j_pdata section layout
  Starting        Virtual  File
  address  Size   address  offset
  ---------------------------------


.sdata section layout
  Starting        Virtual  File
  address  Size   address  offset
  ---------------------------------


.sbss section layout
  Starting        Virtual  File
  address  Size   address  offset
  ---------------------------------
  00000000 000002 40000000 00002e50  1 .sbss 	main_c.obj 
  00000000 000002 40000000 00002e50  2 flag 	main_c.obj 
  00000002 000006 40000008 00002e58  8 *fill*
  00000008 00000c 40000008 00002e58  1 .sbss 	basetimer_c.obj 
  00000008 000004 40000008 00002e58  4 btmr_msec 	basetimer_c.obj 
  UNUSED   000004 ........ ........    btmr_tset1 basetimer_c.obj 
  0000000c 000004 4000000c 00002e5c  4 btmr_tset0 	basetimer_c.obj 
  UNUSED   000004 ........ ........    btmr_tstart1 basetimer_c.obj 
  00000010 000004 40000010 00002e60  4 btmr_tstart0 	basetimer_c.obj 


.bss section layout
  Starting        Virtual  File
  address  Size   address  offset
  ---------------------------------


.tibss section layout
  Starting        Virtual  File
  address  Size   address  offset
  ---------------------------------


.tidata section layout
  Starting        Virtual  File
  address  Size   address  offset
  ---------------------------------


Memory map:
                       Starting Size     File     ROM      RAM Buffer  S-Record
                       address           Offset   Address  Address     Line
       .__bam_bootarea 00000000 00000008 00000160 00000000 00000000          2
                 .init 00000020 00000000 00000168 00003000 00003000          0
             .init_vle 00000020 00000000 00000168 00000020 00000020          0
        .exec_vect_Vle 00001000 000000f4 00000170 00001000 00001000          3
                .vects 00002000 000003a8 00000268 00002000 00002000         16
             .text_vle 00003000 00002840 00000610 00003000 00003000         63
               .rodata 00005840 00000000 00002e50 00005840 00005840          0
                .ctors 00005840 00000000 00002e50 00005840 00005840          0
                .dtors 00005840 00000000 00002e50 00005840 00005840          0
               .sdata2 00005840 00000000 00002e50 00005840 00005840          0
                .sbss2 00005840 00000000 00002e50 00005840 00005840          0
                 .data 40000000 00000000 00002e50 00005840 00005840          0
                .sdata 40000000 00000000 00002e50 00005840 00005840          0
                 .sbss 40000000 00000014 00002e50 00005840 00005840          0
                  .bss 40000014 00000000 00002e50 00005840 00005840          0
      .PPC.EMB.apuinfo 0000b18c 00000000 0000dfe0 000109cc 000109cc          0
         .debug_abbrev          0000012b 00002e50
           .debug_info          00002640 00002f7b
        .debug_aranges          00000080 000055bb
           .debug_line          000061b9 0000563b
            .debug_loc          000007b7 0000b7f4
       .debug_pubnames          0000089f 0000bfab


Linker generated symbols:
                   __argv 00003000
                    __env 00003000
               __DATA_ROM 00005840
               __DATA_RAM 40000000
               __DATA_END 40000000
              __BSS_START 40000000
                __BSS_END 40000014
                __SP_INIT 40014000
                 __SP_END 40013000
               __HEAP_END 40013000
            ___HEAP_START 003cfff0
              ___HEAP_END 40013000
               ___SP_INIT 40014000
                ___SP_END 40013000
              ___DATA_ROM 00005840
              ___DATA_RAM 40000000
              ___DATA_END 40000000
             ___BSS_START 40000000
               ___BSS_END 40000014
        _f___bam_bootarea 00000000
    _f___bam_bootarea_rom 00000000
        _e___bam_bootarea 00000008
                  _f_init 00000020
              _f_init_rom 00003000
                  _e_init 00000020
              _f_init_vle 00000020
          _f_init_vle_rom 00000020
              _e_init_vle 00000020
             _f_exec_vect 00001000
         _f_exec_vect_rom 00001000
             _e_exec_vect 00001000
         _f_exec_vect_Vle 00001000
     _f_exec_vect_Vle_rom 00001000
         _e_exec_vect_Vle 000010f4
                 _f_vects 00002000
             _f_vects_rom 00002000
                 _e_vects 000023a8
                  _f_text 00003000
              _f_text_rom 00003000
                  _e_text 00003000
              _f_text_vle 00003000
          _f_text_vle_rom 00003000
              _e_text_vle 00005840
                _f_rodata 00005840
            _f_rodata_rom 00005840
                _e_rodata 00005840
                 _f_ctors 00005840
             _f_ctors_rom 00005840
                 _e_ctors 00005840
                 _f_dtors 00005840
             _f_dtors_rom 00005840
                 _e_dtors 00005840
                _f_sdata2 00005840
            _f_sdata2_rom 00005840
                _e_sdata2 00005840
                 _f_sbss2 00005840
                 _e_sbss2 00005840
                  _f_data 40000000
              _f_data_rom 00005840
                  _e_data 40000000
               _f_j_pdata 40000000
           _f_j_pdata_rom 00005840
               _e_j_pdata 40000000
                 _f_sdata 40000000
             _f_sdata_rom 00005840
                 _e_sdata 40000000
                  _f_sbss 40000000
                  _e_sbss 40000014
                   _f_bss 40000014
                   _e_bss 40000014
                 _f_tibss 40000014
             _f_tibss_rom 00005840
                 _e_tibss 40000014
                _f_tidata 40000014
            _f_tidata_rom 00005840
                _e_tidata 40000014
              _stack_addr 003dfff0
               _stack_end 003d7ff0
               _heap_addr 003cfff0
                _heap_end 003d7ff0
             _nbfunctions 00000051
           SIZEOF_HEADERS 00000160
               _SDA_BASE_ 40008000
              _SDA2_BASE_ 0000d840
           _ABS_SDA_BASE_ 40008000
          _ABS_SDA2_BASE_ 0000d840
                 _SP_INIT 003dfff0
             __HEAP_START 003cfff0
              __mem_limit 003d7ff0
           __stack_safety 00000010
